Sep 19 15:21:48 librenms systemd-modules-load[425]: Inserted module 'iscsi_tcp'
Sep 19 15:21:48 librenms systemd-modules-load[425]: Inserted module 'ib_iser'
Sep 19 15:21:48 librenms systemd[1]: Started Monitoring of LVM2 mirrors, snapshots etc. using dmeventd or progress polling.
Sep 19 15:21:48 librenms systemd[1]: Started Uncomplicated firewall.
Sep 19 15:21:48 librenms systemd[1]: Started udev Coldplug all Devices.
Sep 19 15:21:48 librenms systemd[1]: Started Load/Save Random Seed.
Sep 19 15:21:48 librenms systemd[1]: Mounted Kernel Configuration File System.
Sep 19 15:21:48 librenms systemd[1]: Mounted FUSE Control File System.
Sep 19 15:21:48 librenms systemd[1]: Starting Flush Journal to Persistent Storage...
Sep 19 15:21:48 librenms systemd[1]: Started Create Static Device Nodes in /dev.
Sep 19 15:21:48 librenms systemd[1]: Started Apply Kernel Variables.
Sep 19 15:21:48 librenms systemd[1]: Starting udev Kernel Device Manager...
Sep 19 15:21:48 librenms systemd[1]: Started udev Kernel Device Manager.
Sep 19 15:21:48 librenms systemd[1]: Activated swap /swap.img.
Sep 19 15:21:48 librenms systemd[1]: Started Set the console keyboard layout.
Sep 19 15:21:48 librenms systemd[1]: Started Dispatch Password Requests to Console Directory Watch.
Sep 19 15:21:48 librenms systemd[1]: Reached target Local Encrypted Volumes.
Sep 19 15:21:48 librenms systemd[1]: Reached target Local File Systems (Pre).
Sep 19 15:21:48 librenms systemd[1]: Reached target Local File Systems.
Sep 19 15:21:48 librenms systemd[1]: Starting AppArmor initialization...
Sep 19 15:21:48 librenms systemd[1]: Starting Set console font and keymap...
Sep 19 15:21:48 librenms systemd[1]: Starting Tell Plymouth To Write Out Runtime Data...
Sep 19 15:21:48 librenms systemd[1]: Starting ebtables ruleset management...
Sep 19 15:21:48 librenms systemd[1]: Reached target Swap.
Sep 19 15:21:48 librenms systemd[1]: Started Flush Journal to Persistent Storage.
Sep 19 15:21:48 librenms systemd[1]: Starting Create Volatile Files and Directories...
Sep 19 15:21:48 librenms systemd[1]: Started Tell Plymouth To Write Out Runtime Data.
Sep 19 15:21:48 librenms kernel: [    0.000000] microcode: microcode updated early to revision 0x27, date = 2019-02-26
Sep 19 15:21:48 librenms kernel: [    0.000000] Linux version 4.15.0-64-generic (buildd@lgw01-amd64-038) (gcc version 7.4.0 (Ubuntu 7.4.0-1ubuntu1~18.04.1)) #73-Ubuntu SMP Thu Sep 12 13:16:13 UTC 2019 (Ubuntu 4.15.0-64.73-generic 4.15.18)
Sep 19 15:21:48 librenms kernel: [    0.000000] Command line: BOOT_IMAGE=/boot/vmlinuz-4.15.0-64-generic root=UUID=b6453565-1be5-4138-9c30-412819412913 ro
Sep 19 15:21:48 librenms kernel: [    0.000000] KERNEL supported cpus:
Sep 19 15:21:48 librenms kernel: [    0.000000]   Intel GenuineIntel
Sep 19 15:21:48 librenms kernel: [    0.000000]   AMD AuthenticAMD
Sep 19 15:21:48 librenms kernel: [    0.000000]   Centaur CentaurHauls
Sep 19 15:21:48 librenms kernel: [    0.000000] x86/fpu: Supporting XSAVE feature 0x001: 'x87 floating point registers'
Sep 19 15:21:48 librenms kernel: [    0.000000] x86/fpu: Supporting XSAVE feature 0x002: 'SSE registers'
Sep 19 15:21:48 librenms kernel: [    0.000000] x86/fpu: Supporting XSAVE feature 0x004: 'AVX registers'
Sep 19 15:21:48 librenms kernel: [    0.000000] x86/fpu: xstate_offset[2]:  576, xstate_sizes[2]:  256
Sep 19 15:21:48 librenms kernel: [    0.000000] x86/fpu: Enabled xstate features 0x7, context size is 832 bytes, using 'standard' format.
Sep 19 15:21:48 librenms kernel: [    0.000000] e820: BIOS-provided physical RAM map:
Sep 19 15:21:48 librenms kernel: [    0.000000] BIOS-e820: [mem 0x0000000000000000-0x00000000000943ff] usable
Sep 19 15:21:48 librenms kernel: [    0.000000] BIOS-e820: [mem 0x0000000000094400-0x000000000009ffff] reserved
Sep 19 15:21:48 librenms kernel: [    0.000000] BIOS-e820: [mem 0x00000000000e0000-0x00000000000fffff] reserved
Sep 19 15:21:48 librenms kernel: [    0.000000] BIOS-e820: [mem 0x0000000000100000-0x00000000ca41cfff] usable
Sep 19 15:21:48 librenms kernel: [    0.000000] BIOS-e820: [mem 0x00000000ca41d000-0x00000000ca423fff] ACPI NVS
Sep 19 15:21:48 librenms kernel: [    0.000000] BIOS-e820: [mem 0x00000000ca424000-0x00000000ca86bfff] usable
Sep 19 15:21:48 librenms kernel: [    0.000000] BIOS-e820: [mem 0x00000000ca86c000-0x00000000cacfbfff] reserved
Sep 19 15:21:48 librenms kernel: [    0.000000] BIOS-e820: [mem 0x00000000cacfc000-0x00000000da6d9fff] usable
Sep 19 15:21:48 librenms kernel: [    0.000000] BIOS-e820: [mem 0x00000000da6da000-0x00000000da779fff] reserved
Sep 19 15:21:48 librenms kernel: [    0.000000] BIOS-e820: [mem 0x00000000da77a000-0x00000000da79dfff] ACPI data
Sep 19 15:21:48 librenms kernel: [    0.000000] BIOS-e820: [mem 0x00000000da79e000-0x00000000db4a5fff] ACPI NVS
Sep 19 15:21:48 librenms kernel: [    0.000000] BIOS-e820: [mem 0x00000000db4a6000-0x00000000dbffefff] reserved
Sep 19 15:21:48 librenms kernel: [    0.000000] BIOS-e820: [mem 0x00000000dbfff000-0x00000000dbffffff] usable
Sep 19 15:21:48 librenms kernel: [    0.000000] BIOS-e820: [mem 0x00000000dd000000-0x00000000df1fffff] reserved
Sep 19 15:21:48 librenms kernel: [    0.000000] BIOS-e820: [mem 0x00000000f8000000-0x00000000fbffffff] reserved
Sep 19 15:21:48 librenms kernel: [    0.000000] BIOS-e820: [mem 0x00000000fec00000-0x00000000fec00fff] reserved
Sep 19 15:21:48 librenms kernel: [    0.000000] BIOS-e820: [mem 0x00000000fed00000-0x00000000fed03fff] reserved
Sep 19 15:21:48 librenms kernel: [    0.000000] BIOS-e820: [mem 0x00000000fed1c000-0x00000000fed1ffff] reserved
Sep 19 15:21:48 librenms kernel: [    0.000000] BIOS-e820: [mem 0x00000000fee00000-0x00000000fee00fff] reserved
Sep 19 15:21:48 librenms kernel: [    0.000000] BIOS-e820: [mem 0x00000000ff000000-0x00000000ffffffff] reserved
Sep 19 15:21:48 librenms kernel: [    0.000000] BIOS-e820: [mem 0x0000000100000000-0x000000011edfffff] usable
Sep 19 15:21:48 librenms kernel: [    0.000000] NX (Execute Disable) protection: active
Sep 19 15:21:48 librenms kernel: [    0.000000] SMBIOS 2.8 present.
Sep 19 15:21:48 librenms kernel: [    0.000000] DMI: LENOVO ThinkServer RS140/ThinkServer RS140, BIOS FBKT82CUS 07/24/2014
Sep 19 15:21:48 librenms kernel: [    0.000000] e820: update [mem 0x00000000-0x00000fff] usable ==> reserved
Sep 19 15:21:48 librenms kernel: [    0.000000] e820: remove [mem 0x000a0000-0x000fffff] usable
Sep 19 15:21:48 librenms kernel: [    0.000000] e820: last_pfn = 0x11ee00 max_arch_pfn = 0x400000000
Sep 19 15:21:48 librenms kernel: [    0.000000] MTRR default type: uncachable
Sep 19 15:21:48 librenms kernel: [    0.000000] MTRR fixed ranges enabled:
Sep 19 15:21:48 librenms kernel: [    0.000000]   00000-9FFFF write-back
Sep 19 15:21:48 librenms kernel: [    0.000000]   A0000-BFFFF uncachable
Sep 19 15:21:48 librenms kernel: [    0.000000]   C0000-DBFFF write-protect
Sep 19 15:21:48 librenms kernel: [    0.000000]   DC000-E7FFF uncachable
Sep 19 15:21:48 librenms kernel: [    0.000000]   E8000-FFFFF write-protect
Sep 19 15:21:48 librenms kernel: [    0.000000] MTRR variable ranges enabled:
Sep 19 15:21:48 librenms kernel: [    0.000000]   0 base 0000000000 mask 7F00000000 write-back
Sep 19 15:21:48 librenms kernel: [    0.000000]   1 base 0100000000 mask 7FE0000000 write-back
Sep 19 15:21:48 librenms kernel: [    0.000000]   2 base 00E0000000 mask 7FE0000000 uncachable
Sep 19 15:21:48 librenms kernel: [    0.000000]   3 base 00DE000000 mask 7FFE000000 uncachable
Sep 19 15:21:48 librenms kernel: [    0.000000]   4 base 00DD000000 mask 7FFF000000 uncachable
Sep 19 15:21:48 librenms kernel: [    0.000000]   5 base 011F000000 mask 7FFF000000 uncachable
Sep 19 15:21:48 librenms kernel: [    0.000000]   6 base 011EE00000 mask 7FFFE00000 uncachable
Sep 19 15:21:48 librenms kernel: [    0.000000]   7 disabled
Sep 19 15:21:48 librenms kernel: [    0.000000]   8 disabled
Sep 19 15:21:48 librenms kernel: [    0.000000]   9 disabled
Sep 19 15:21:48 librenms kernel: [    0.000000] x86/PAT: Configuration [0-7]: WB  WC  UC- UC  WB  WP  UC- WT  
Sep 19 15:21:48 librenms kernel: [    0.000000] total RAM covered: 4030M
Sep 19 15:21:48 librenms kernel: [    0.000000] Found optimal setting for mtrr clean up
Sep 19 15:21:48 librenms kernel: [    0.000000]  gran_size: 64K 	chunk_size: 64M 	num_reg: 8  	lose cover RAM: 0G
Sep 19 15:21:48 librenms kernel: [    0.000000] e820: update [mem 0xdd000000-0xffffffff] usable ==> reserved
Sep 19 15:21:48 librenms kernel: [    0.000000] e820: last_pfn = 0xdc000 max_arch_pfn = 0x400000000
Sep 19 15:21:48 librenms kernel: [    0.000000] found SMP MP-table at [mem 0x000fcdb0-0x000fcdbf]
Sep 19 15:21:48 librenms kernel: [    0.000000] Scanning 1 areas for low memory corruption
Sep 19 15:21:48 librenms kernel: [    0.000000] Using GB pages for direct mapping
Sep 19 15:21:48 librenms kernel: [    0.000000] BRK [0x7bd40000, 0x7bd40fff] PGTABLE
Sep 19 15:21:48 librenms kernel: [    0.000000] BRK [0x7bd41000, 0x7bd41fff] PGTABLE
Sep 19 15:21:48 librenms kernel: [    0.000000] BRK [0x7bd42000, 0x7bd42fff] PGTABLE
Sep 19 15:21:48 librenms kernel: [    0.000000] BRK [0x7bd43000, 0x7bd43fff] PGTABLE
Sep 19 15:21:48 librenms kernel: [    0.000000] BRK [0x7bd44000, 0x7bd44fff] PGTABLE
Sep 19 15:21:48 librenms kernel: [    0.000000] BRK [0x7bd45000, 0x7bd45fff] PGTABLE
Sep 19 15:21:48 librenms kernel: [    0.000000] BRK [0x7bd46000, 0x7bd46fff] PGTABLE
Sep 19 15:21:48 librenms kernel: [    0.000000] BRK [0x7bd47000, 0x7bd47fff] PGTABLE
Sep 19 15:21:48 librenms kernel: [    0.000000] BRK [0x7bd48000, 0x7bd48fff] PGTABLE
Sep 19 15:21:48 librenms kernel: [    0.000000] BRK [0x7bd49000, 0x7bd49fff] PGTABLE
Sep 19 15:21:48 librenms kernel: [    0.000000] BRK [0x7bd4a000, 0x7bd4afff] PGTABLE
Sep 19 15:21:48 librenms kernel: [    0.000000] RAMDISK: [mem 0x312a3000-0x34948fff]
Sep 19 15:21:48 librenms kernel: [    0.000000] ACPI: Early table checksum verification disabled
Sep 19 15:21:48 librenms kernel: [    0.000000] ACPI: RSDP 0x00000000000F0450 000024 (v02 LENOVO)
Sep 19 15:21:48 librenms kernel: [    0.000000] ACPI: XSDT 0x00000000DA781098 0000AC (v01 LENOVO TC-FB    00001520 AMI  00010013)
Sep 19 15:21:48 librenms kernel: [    0.000000] ACPI: FACP 0x00000000DA7986C8 00010C (v05 LENOVO TC-FB    00001520 AMI  00010013)
Sep 19 15:21:48 librenms kernel: [    0.000000] ACPI: DSDT 0x00000000DA7811D0 0174F8 (v02 LENOVO TC-FB    00001520 INTL 20120711)
Sep 19 15:21:48 librenms kernel: [    0.000000] ACPI: FACS 0x00000000DB4A5F80 000040
Sep 19 15:21:48 librenms kernel: [    0.000000] ACPI: APIC 0x00000000DA7987D8 000072 (v03 LENOVO TC-FB    00001520 AMI  00010013)
Sep 19 15:21:48 librenms kernel: [    0.000000] ACPI: FPDT 0x00000000DA798850 000044 (v01 LENOVO TC-FB    00001520 AMI  00010013)
Sep 19 15:21:48 librenms kernel: [    0.000000] ACPI: FIDT 0x00000000DA798898 00009C (v01 LENOVO TC-FB    00001520 AMI  00010013)
Sep 19 15:21:48 librenms kernel: [    0.000000] ACPI: TCPA 0x00000000DA798938 000032 (v02 LENOVO TC-FB    00001520 MSFT 01000013)
Sep 19 15:21:48 librenms kernel: [    0.000000] ACPI: SSDT 0x00000000DA798970 000539 (v01 LENOVO TC-FB    00001520 INTL 20120711)
Sep 19 15:21:48 librenms kernel: [    0.000000] ACPI: SSDT 0x00000000DA798EB0 000AD8 (v01 LENOVO TC-FB    00001520 INTL 20120711)
Sep 19 15:21:48 librenms kernel: [    0.000000] ACPI: MCFG 0x00000000DA799988 00003C (v01 LENOVO TC-FB    00001520 MSFT 00000097)
Sep 19 15:21:48 librenms kernel: [    0.000000] ACPI: HPET 0x00000000DA7999C8 000038 (v01 LENOVO TC-FB    00001520 AMI. 00000005)
Sep 19 15:21:48 librenms kernel: [    0.000000] ACPI: SSDT 0x00000000DA799A00 00036D (v01 LENOVO TC-FB    00001520 INTL 20120711)
Sep 19 15:21:48 librenms kernel: [    0.000000] ACPI: SSDT 0x00000000DA799D70 003528 (v01 LENOVO TC-FB    00001520 INTL 20091112)
Sep 19 15:21:48 librenms kernel: [    0.000000] ACPI: ASF! 0x00000000DA79D298 0000A5 (v32 LENOVO TC-FB    00001520 TFSM 000F4240)
Sep 19 15:21:48 librenms kernel: [    0.000000] ACPI: BGRT 0x00000000DA79D340 000038 (v00 LENOVO TC-FB    00001520 AMI  00010013)
Sep 19 15:21:48 librenms kernel: [    0.000000] ACPI: EINJ 0x00000000DA79D378 000130 (v01 LENOVO TC-FB    00001520      00000000)
Sep 19 15:21:48 librenms kernel: [    0.000000] ACPI: ERST 0x00000000DA79D4A8 000230 (v01 LENOVO TC-FB    00001520      00000000)
Sep 19 15:21:48 librenms kernel: [    0.000000] ACPI: HEST 0x00000000DA79D6D8 0000A8 (v01 LENOVO TC-FB    00001520      00000000)
Sep 19 15:21:48 librenms kernel: [    0.000000] ACPI: BERT 0x00000000DA79D780 000030 (v01 LENOVO TC-FB    00001520      00000000)
Sep 19 15:21:48 librenms kernel: [    0.000000] ACPI: Local APIC address 0xfee00000
Sep 19 15:21:48 librenms kernel: [    0.000000] No NUMA configuration found
Sep 19 15:21:48 librenms kernel: [    0.000000] Faking a node at [mem 0x0000000000000000-0x000000011edfffff]
Sep 19 15:21:48 librenms kernel: [    0.000000] NODE_DATA(0) allocated [mem 0x11edd5000-0x11edfffff]
Sep 19 15:21:48 librenms kernel: [    0.000000] tsc: Fast TSC calibration using PIT
Sep 19 15:21:48 librenms kernel: [    0.000000] Zone ranges:
Sep 19 15:21:48 librenms kernel: [    0.000000]   DMA      [mem 0x0000000000001000-0x0000000000ffffff]
Sep 19 15:21:48 librenms kernel: [    0.000000]   DMA32    [mem 0x0000000001000000-0x00000000ffffffff]
Sep 19 15:21:48 librenms kernel: [    0.000000]   Normal   [mem 0x0000000100000000-0x000000011edfffff]
Sep 19 15:21:48 librenms kernel: [    0.000000]   Device   empty
Sep 19 15:21:48 librenms kernel: [    0.000000] Movable zone start for each node
Sep 19 15:21:48 librenms kernel: [    0.000000] Early memory node ranges
Sep 19 15:21:48 librenms kernel: [    0.000000]   node   0: [mem 0x0000000000001000-0x0000000000093fff]
Sep 19 15:21:48 librenms kernel: [    0.000000]   node   0: [mem 0x0000000000100000-0x00000000ca41cfff]
Sep 19 15:21:48 librenms kernel: [    0.000000]   node   0: [mem 0x00000000ca424000-0x00000000ca86bfff]
Sep 19 15:21:48 librenms kernel: [    0.000000]   node   0: [mem 0x00000000cacfc000-0x00000000da6d9fff]
Sep 19 15:21:48 librenms kernel: [    0.000000]   node   0: [mem 0x00000000dbfff000-0x00000000dbffffff]
Sep 19 15:21:48 librenms kernel: [    0.000000]   node   0: [mem 0x0000000100000000-0x000000011edfffff]
Sep 19 15:21:48 librenms kernel: [    0.000000] Reserved but unavailable: 109 pages
Sep 19 15:21:48 librenms kernel: [    0.000000] Initmem setup node 0 [mem 0x0000000000001000-0x000000011edfffff]
Sep 19 15:21:48 librenms kernel: [    0.000000] On node 0 totalpages: 1019863
Sep 19 15:21:48 librenms kernel: [    0.000000]   DMA zone: 64 pages used for memmap
Sep 19 15:21:48 librenms kernel: [    0.000000]   DMA zone: 21 pages reserved
Sep 19 15:21:48 librenms kernel: [    0.000000]   DMA zone: 3987 pages, LIFO batch:0
Sep 19 15:21:48 librenms kernel: [    0.000000]   DMA32 zone: 13898 pages used for memmap
Sep 19 15:21:48 librenms kernel: [    0.000000]   DMA32 zone: 889412 pages, LIFO batch:31
Sep 19 15:21:48 librenms kernel: [    0.000000]   Normal zone: 1976 pages used for memmap
Sep 19 15:21:48 librenms kernel: [    0.000000]   Normal zone: 126464 pages, LIFO batch:31
Sep 19 15:21:48 librenms kernel: [    0.000000] Reserving Intel graphics memory at 0x00000000dd200000-0x00000000df1fffff
Sep 19 15:21:48 librenms kernel: [    0.000000] ACPI: PM-Timer IO Port: 0x1808
Sep 19 15:21:48 librenms kernel: [    0.000000] ACPI: Local APIC address 0xfee00000
Sep 19 15:21:48 librenms kernel: [    0.000000] ACPI: LAPIC_NMI (acpi_id[0xff] high edge lint[0x1])
Sep 19 15:21:48 librenms kernel: [    0.000000] IOAPIC[0]: apic_id 8, version 32, address 0xfec00000, GSI 0-23
Sep 19 15:21:48 librenms kernel: [    0.000000] ACPI: INT_SRC_OVR (bus 0 bus_irq 0 global_irq 2 dfl dfl)
Sep 19 15:21:48 librenms kernel: [    0.000000] ACPI: INT_SRC_OVR (bus 0 bus_irq 9 global_irq 9 high level)
Sep 19 15:21:48 librenms kernel: [    0.000000] ACPI: IRQ0 used by override.
Sep 19 15:21:48 librenms kernel: [    0.000000] ACPI: IRQ9 used by override.
Sep 19 15:21:48 librenms kernel: [    0.000000] Using ACPI (MADT) for SMP configuration information
Sep 19 15:21:48 librenms kernel: [    0.000000] ACPI: HPET id: 0x8086a701 base: 0xfed00000
Sep 19 15:21:48 librenms kernel: [    0.000000] smpboot: Allowing 4 CPUs, 0 hotplug CPUs
Sep 19 15:21:48 librenms kernel: [    0.000000] PM: Registered nosave memory: [mem 0x00000000-0x00000fff]
Sep 19 15:21:48 librenms kernel: [    0.000000] PM: Registered nosave memory: [mem 0x00094000-0x00094fff]
Sep 19 15:21:48 librenms kernel: [    0.000000] PM: Registered nosave memory: [mem 0x00095000-0x0009ffff]
Sep 19 15:21:48 librenms kernel: [    0.000000] PM: Registered nosave memory: [mem 0x000a0000-0x000dffff]
Sep 19 15:21:48 librenms kernel: [    0.000000] PM: Registered nosave memory: [mem 0x000e0000-0x000fffff]
Sep 19 15:21:48 librenms kernel: [    0.000000] PM: Registered nosave memory: [mem 0xca41d000-0xca423fff]
Sep 19 15:21:48 librenms kernel: [    0.000000] PM: Registered nosave memory: [mem 0xca86c000-0xcacfbfff]
Sep 19 15:21:48 librenms kernel: [    0.000000] PM: Registered nosave memory: [mem 0xda6da000-0xda779fff]
Sep 19 15:21:48 librenms kernel: [    0.000000] PM: Registered nosave memory: [mem 0xda77a000-0xda79dfff]
Sep 19 15:21:48 librenms kernel: [    0.000000] PM: Registered nosave memory: [mem 0xda79e000-0xdb4a5fff]
Sep 19 15:21:48 librenms kernel: [    0.000000] PM: Registered nosave memory: [mem 0xdb4a6000-0xdbffefff]
Sep 19 15:21:48 librenms kernel: [    0.000000] PM: Registered nosave memory: [mem 0xdc000000-0xdcffffff]
Sep 19 15:21:48 librenms kernel: [    0.000000] PM: Registered nosave memory: [mem 0xdd000000-0xdf1fffff]
Sep 19 15:21:48 librenms kernel: [    0.000000] PM: Registered nosave memory: [mem 0xdf200000-0xf7ffffff]
Sep 19 15:21:48 librenms kernel: [    0.000000] PM: Registered nosave memory: [mem 0xf8000000-0xfbffffff]
Sep 19 15:21:48 librenms kernel: [    0.000000] PM: Registered nosave memory: [mem 0xfc000000-0xfebfffff]
Sep 19 15:21:48 librenms kernel: [    0.000000] PM: Registered nosave memory: [mem 0xfec00000-0xfec00fff]
Sep 19 15:21:48 librenms kernel: [    0.000000] PM: Registered nosave memory: [mem 0xfec01000-0xfecfffff]
Sep 19 15:21:48 librenms kernel: [    0.000000] PM: Registered nosave memory: [mem 0xfed00000-0xfed03fff]
Sep 19 15:21:48 librenms kernel: [    0.000000] PM: Registered nosave memory: [mem 0xfed04000-0xfed1bfff]
Sep 19 15:21:48 librenms kernel: [    0.000000] PM: Registered nosave memory: [mem 0xfed1c000-0xfed1ffff]
Sep 19 15:21:48 librenms kernel: [    0.000000] PM: Registered nosave memory: [mem 0xfed20000-0xfedfffff]
Sep 19 15:21:48 librenms kernel: [    0.000000] PM: Registered nosave memory: [mem 0xfee00000-0xfee00fff]
Sep 19 15:21:48 librenms kernel: [    0.000000] PM: Registered nosave memory: [mem 0xfee01000-0xfeffffff]
Sep 19 15:21:48 librenms kernel: [    0.000000] PM: Registered nosave memory: [mem 0xff000000-0xffffffff]
Sep 19 15:21:48 librenms kernel: [    0.000000] e820: [mem 0xdf200000-0xf7ffffff] available for PCI devices
Sep 19 15:21:48 librenms kernel: [    0.000000] Booting paravirtualized kernel on bare hardware
Sep 19 15:21:48 librenms kernel: [    0.000000] clocksource: refined-jiffies: mask: 0xffffffff max_cycles: 0xffffffff, max_idle_ns: 7645519600211568 ns
Sep 19 15:21:48 librenms kernel: [    0.000000] random: get_random_bytes called from start_kernel+0x99/0x4fd with crng_init=0
Sep 19 15:21:48 librenms kernel: [    0.000000] setup_percpu: NR_CPUS:8192 nr_cpumask_bits:4 nr_cpu_ids:4 nr_node_ids:1
Sep 19 15:21:48 librenms kernel: [    0.000000] percpu: Embedded 46 pages/cpu s151552 r8192 d28672 u524288
Sep 19 15:21:48 librenms kernel: [    0.000000] pcpu-alloc: s151552 r8192 d28672 u524288 alloc=1*2097152
Sep 19 15:21:48 librenms kernel: [    0.000000] pcpu-alloc: [0] 0 1 2 3 
Sep 19 15:21:48 librenms kernel: [    0.000000] Built 1 zonelists, mobility grouping on.  Total pages: 1003904
Sep 19 15:21:48 librenms kernel: [    0.000000] Policy zone: Normal
Sep 19 15:21:48 librenms kernel: [    0.000000] Kernel command line: BOOT_IMAGE=/boot/vmlinuz-4.15.0-64-generic root=UUID=b6453565-1be5-4138-9c30-412819412913 ro
Sep 19 15:21:48 librenms kernel: [    0.000000] Calgary: detecting Calgary via BIOS EBDA area
Sep 19 15:21:48 librenms kernel: [    0.000000] Calgary: Unable to locate Rio Grande table in EBDA - bailing!
Sep 19 15:21:48 librenms kernel: [    0.000000] Memory: 3863004K/4079452K available (12300K kernel code, 2481K rwdata, 4172K rodata, 2436K init, 2384K bss, 216448K reserved, 0K cma-reserved)
Sep 19 15:21:48 librenms kernel: [    0.000000] SLUB: HWalign=64, Order=0-3, MinObjects=0, CPUs=4, Nodes=1
Sep 19 15:21:48 librenms kernel: [    0.000000] Kernel/User page tables isolation: enabled
Sep 19 15:21:48 librenms kernel: [    0.000000] ftrace: allocating 39306 entries in 154 pages
Sep 19 15:21:48 librenms kernel: [    0.000000] Hierarchical RCU implementation.
Sep 19 15:21:48 librenms kernel: [    0.000000] 	RCU restricting CPUs from NR_CPUS=8192 to nr_cpu_ids=4.
Sep 19 15:21:48 librenms kernel: [    0.000000] 	Tasks RCU enabled.
Sep 19 15:21:48 librenms kernel: [    0.000000] RCU: Adjusting geometry for rcu_fanout_leaf=16, nr_cpu_ids=4
Sep 19 15:21:48 librenms kernel: [    0.000000] NR_IRQS: 524544, nr_irqs: 456, preallocated irqs: 16
Sep 19 15:21:48 librenms kernel: [    0.000000] spurious 8259A interrupt: IRQ7.
Sep 19 15:21:48 librenms kernel: [    0.000000] Console: colour dummy device 80x25
Sep 19 15:21:48 librenms kernel: [    0.000000] console [tty0] enabled
Sep 19 15:21:48 librenms kernel: [    0.000000] ACPI: Core revision 20170831
Sep 19 15:21:48 librenms kernel: [    0.000000] ACPI: 5 ACPI AML tables successfully acquired and loaded
Sep 19 15:21:48 librenms kernel: [    0.000000] clocksource: hpet: mask: 0xffffffff max_cycles: 0xffffffff, max_idle_ns: 133484882848 ns
Sep 19 15:21:48 librenms kernel: [    0.000000] hpet clockevent registered
Sep 19 15:21:48 librenms kernel: [    0.000000] APIC: Switch to symmetric I/O mode setup
Sep 19 15:21:48 librenms kernel: [    0.000000] ..TIMER: vector=0x30 apic1=0 pin1=2 apic2=0 pin2=0
Sep 19 15:21:48 librenms kernel: [    0.020000] tsc: Fast TSC calibration using PIT
Sep 19 15:21:48 librenms kernel: [    0.024000] tsc: Detected 3392.163 MHz processor
Sep 19 15:21:48 librenms kernel: [    0.024000] Calibrating delay loop (skipped), value calculated using timer frequency.. 6784.32 BogoMIPS (lpj=13568652)
Sep 19 15:21:48 librenms kernel: [    0.024000] pid_max: default: 32768 minimum: 301
Sep 19 15:21:48 librenms kernel: [    0.024000] Security Framework initialized
Sep 19 15:21:48 librenms kernel: [    0.024000] Yama: becoming mindful.
Sep 19 15:21:48 librenms kernel: [    0.024000] AppArmor: AppArmor initialized
Sep 19 15:21:48 librenms kernel: [    0.024000] Dentry cache hash table entries: 524288 (order: 10, 4194304 bytes)
Sep 19 15:21:48 librenms kernel: [    0.024000] Inode-cache hash table entries: 262144 (order: 9, 2097152 bytes)
Sep 19 15:21:48 librenms kernel: [    0.024000] Mount-cache hash table entries: 8192 (order: 4, 65536 bytes)
Sep 19 15:21:48 librenms kernel: [    0.024000] Mountpoint-cache hash table entries: 8192 (order: 4, 65536 bytes)
Sep 19 15:21:48 librenms kernel: [    0.024000] ENERGY_PERF_BIAS: Set to 'normal', was 'performance'
Sep 19 15:21:48 librenms kernel: [    0.024000] ENERGY_PERF_BIAS: View and update with x86_energy_perf_policy(8)
Sep 19 15:21:48 librenms kernel: [    0.024000] CPU0: Thermal monitoring enabled (TM1)
Sep 19 15:21:48 librenms kernel: [    0.024000] process: using mwait in idle threads
Sep 19 15:21:48 librenms kernel: [    0.024000] Last level iTLB entries: 4KB 1024, 2MB 1024, 4MB 1024
Sep 19 15:21:48 librenms kernel: [    0.024000] Last level dTLB entries: 4KB 1024, 2MB 1024, 4MB 1024, 1GB 4
Sep 19 15:21:48 librenms kernel: [    0.024000] Spectre V1 : Mitigation: usercopy/swapgs barriers and __user pointer sanitization
Sep 19 15:21:48 librenms kernel: [    0.024000] Spectre V2 : Mitigation: Full generic retpoline
Sep 19 15:21:48 librenms kernel: [    0.024000] Spectre V2 : Spectre v2 / SpectreRSB mitigation: Filling RSB on context switch
Sep 19 15:21:48 librenms kernel: [    0.024000] Spectre V2 : Enabling Restricted Speculation for firmware calls
Sep 19 15:21:48 librenms kernel: [    0.024000] Spectre V2 : mitigation: Enabling conditional Indirect Branch Prediction Barrier
Sep 19 15:21:48 librenms kernel: [    0.024000] Spectre V2 : User space: Mitigation: STIBP via seccomp and prctl
Sep 19 15:21:48 librenms kernel: [    0.024000] Speculative Store Bypass: Mitigation: Speculative Store Bypass disabled via prctl and seccomp
Sep 19 15:21:48 librenms kernel: [    0.024000] MDS: Mitigation: Clear CPU buffers
Sep 19 15:21:48 librenms kernel: [    0.031378] Freeing SMP alternatives memory: 36K
Sep 19 15:21:48 librenms kernel: [    0.034182] TSC deadline timer enabled
Sep 19 15:21:48 librenms kernel: [    0.034184] smpboot: CPU0: Intel(R) Core(TM) i3-4130 CPU @ 3.40GHz (family: 0x6, model: 0x3c, stepping: 0x3)
Sep 19 15:21:48 librenms kernel: [    0.034241] Performance Events: PEBS fmt2+, Haswell events, 16-deep LBR, full-width counters, Intel PMU driver.
Sep 19 15:21:48 librenms kernel: [    0.034277] ... version:                3
Sep 19 15:21:48 librenms kernel: [    0.034279] ... bit width:              48
Sep 19 15:21:48 librenms kernel: [    0.034280] ... generic registers:      4
Sep 19 15:21:48 librenms kernel: [    0.034281] ... value mask:             0000ffffffffffff
Sep 19 15:21:48 librenms kernel: [    0.034282] ... max period:             00007fffffffffff
Sep 19 15:21:48 librenms kernel: [    0.034283] ... fixed-purpose events:   3
Sep 19 15:21:48 librenms kernel: [    0.034284] ... event mask:             000000070000000f
Sep 19 15:21:48 librenms kernel: [    0.034315] Hierarchical SRCU implementation.
Sep 19 15:21:48 librenms kernel: [    0.035075] NMI watchdog: Enabled. Permanently consumes one hw-PMU counter.
Sep 19 15:21:48 librenms kernel: [    0.035089] smp: Bringing up secondary CPUs ...
Sep 19 15:21:48 librenms kernel: [    0.035153] x86: Booting SMP configuration:
Sep 19 15:21:48 librenms kernel: [    0.035155] .... node  #0, CPUs:      #1 #2
Sep 19 15:21:48 librenms kernel: [    0.036000] MDS CPU bug present and SMT on, data leak possible. See https://www.kernel.org/doc/html/latest/admin-guide/hw-vuln/mds.html for more details.
Sep 19 15:21:48 librenms kernel: [    0.036000]  #3
Sep 19 15:21:48 librenms kernel: [    0.036000] smp: Brought up 1 node, 4 CPUs
Sep 19 15:21:48 librenms kernel: [    0.036000] smpboot: Max logical packages: 1
Sep 19 15:21:48 librenms kernel: [    0.036000] smpboot: Total of 4 processors activated (27137.30 BogoMIPS)
Sep 19 15:21:48 librenms kernel: [    0.036160] devtmpfs: initialized
Sep 19 15:21:48 librenms kernel: [    0.036160] x86/mm: Memory block size: 128MB
Sep 19 15:21:48 librenms kernel: [    0.036286] evm: security.selinux
Sep 19 15:21:48 librenms kernel: [    0.036288] evm: security.SMACK64
Sep 19 15:21:48 librenms kernel: [    0.036289] evm: security.SMACK64EXEC
Sep 19 15:21:48 librenms kernel: [    0.036290] evm: security.SMACK64TRANSMUTE
Sep 19 15:21:48 librenms kernel: [    0.036291] evm: security.SMACK64MMAP
Sep 19 15:21:48 librenms kernel: [    0.036292] evm: security.apparmor
Sep 19 15:21:48 librenms kernel: [    0.036293] evm: security.ima
Sep 19 15:21:48 librenms kernel: [    0.036294] evm: security.capability
Sep 19 15:21:48 librenms kernel: [    0.036305] PM: Registering ACPI NVS region [mem 0xca41d000-0xca423fff] (28672 bytes)
Sep 19 15:21:48 librenms kernel: [    0.036305] PM: Registering ACPI NVS region [mem 0xda79e000-0xdb4a5fff] (13664256 bytes)
Sep 19 15:21:48 librenms kernel: [    0.036305] clocksource: jiffies: mask: 0xffffffff max_cycles: 0xffffffff, max_idle_ns: 7645041785100000 ns
Sep 19 15:21:48 librenms kernel: [    0.036305] futex hash table entries: 1024 (order: 4, 65536 bytes)
Sep 19 15:21:48 librenms kernel: [    0.036305] pinctrl core: initialized pinctrl subsystem
Sep 19 15:21:48 librenms kernel: [    0.036305] RTC time: 15:21:33, date: 09/19/19
Sep 19 15:21:48 librenms kernel: [    0.036305] NET: Registered protocol family 16
Sep 19 15:21:48 librenms kernel: [    0.036305] audit: initializing netlink subsys (disabled)
Sep 19 15:21:48 librenms kernel: [    0.036305] audit: type=2000 audit(1568906493.036:1): state=initialized audit_enabled=0 res=1
Sep 19 15:21:48 librenms kernel: [    0.036305] cpuidle: using governor ladder
Sep 19 15:21:48 librenms kernel: [    0.036305] cpuidle: using governor menu
Sep 19 15:21:48 librenms kernel: [    0.036305] ACPI FADT declares the system doesn't support PCIe ASPM, so disable it
Sep 19 15:21:48 librenms kernel: [    0.036305] ACPI: bus type PCI registered
Sep 19 15:21:48 librenms kernel: [    0.036305] acpiphp: ACPI Hot Plug PCI Controller Driver version: 0.5
Sep 19 15:21:48 librenms kernel: [    0.036305] PCI: MMCONFIG for domain 0000 [bus 00-3f] at [mem 0xf8000000-0xfbffffff] (base 0xf8000000)
Sep 19 15:21:48 librenms kernel: [    0.036305] PCI: MMCONFIG at [mem 0xf8000000-0xfbffffff] reserved in E820
Sep 19 15:21:48 librenms kernel: [    0.036305] PCI: Using configuration type 1 for base access
Sep 19 15:21:48 librenms kernel: [    0.036305] core: PMU erratum BJ122, BV98, HSD29 worked around, HT is on
Sep 19 15:21:48 librenms kernel: [    0.036749] HugeTLB registered 1.00 GiB page size, pre-allocated 0 pages
Sep 19 15:21:48 librenms kernel: [    0.036749] HugeTLB registered 2.00 MiB page size, pre-allocated 0 pages
Sep 19 15:21:48 librenms kernel: [    0.036749] ACPI: Added _OSI(Module Device)
Sep 19 15:21:48 librenms kernel: [    0.036749] ACPI: Added _OSI(Processor Device)
Sep 19 15:21:48 librenms kernel: [    0.036749] ACPI: Added _OSI(3.0 _SCP Extensions)
Sep 19 15:21:48 librenms kernel: [    0.036749] ACPI: Added _OSI(Processor Aggregator Device)
Sep 19 15:21:48 librenms kernel: [    0.036749] ACPI: Added _OSI(Linux-Dell-Video)
Sep 19 15:21:48 librenms kernel: [    0.036749] ACPI: Added _OSI(Linux-Lenovo-NV-HDMI-Audio)
Sep 19 15:21:48 librenms kernel: [    0.036749] ACPI: Added _OSI(Linux-HPI-Hybrid-Graphics)
Sep 19 15:21:48 librenms kernel: [    0.036749] ACPI: Executed 1 blocks of module-level executable AML code
Sep 19 15:21:48 librenms kernel: [    0.047200] ACPI: [Firmware Bug]: BIOS _OSI(Linux) query ignored
Sep 19 15:21:48 librenms kernel: [    0.048077] ACPI: Dynamic OEM Table Load:
Sep 19 15:21:48 librenms kernel: [    0.048084] ACPI: SSDT 0xFFFF9B72997E0400 0003D3 (v01 PmRef  Cpu0Cst  00003001 INTL 20120711)
Sep 19 15:21:48 librenms kernel: [    0.048497] ACPI: Dynamic OEM Table Load:
Sep 19 15:21:48 librenms kernel: [    0.048502] ACPI: SSDT 0xFFFF9B72995AA000 0005AA (v01 PmRef  ApIst    00003000 INTL 20120711)
Sep 19 15:21:48 librenms kernel: [    0.048950] ACPI: Dynamic OEM Table Load:
Sep 19 15:21:48 librenms kernel: [    0.048954] ACPI: SSDT 0xFFFF9B72997DD000 000119 (v01 PmRef  ApCst    00003000 INTL 20120711)
Sep 19 15:21:48 librenms kernel: [    0.050466] ACPI: Interpreter enabled
Sep 19 15:21:48 librenms kernel: [    0.050491] ACPI: (supports S0 S5)
Sep 19 15:21:48 librenms kernel: [    0.050492] ACPI: Using IOAPIC for interrupt routing
Sep 19 15:21:48 librenms kernel: [    0.050534] HEST: Table parsing has been initialized.
Sep 19 15:21:48 librenms kernel: [    0.050537] PCI: Using host bridge windows from ACPI; if necessary, use "pci=nocrs" and report a bug
Sep 19 15:21:48 librenms kernel: [    0.051071] ACPI: Enabled 9 GPEs in block 00 to 3F
Sep 19 15:21:48 librenms kernel: [    0.061321] ACPI: Power Resource [FN00] (off)
Sep 19 15:21:48 librenms kernel: [    0.061387] ACPI: Power Resource [FN01] (off)
Sep 19 15:21:48 librenms kernel: [    0.061450] ACPI: Power Resource [FN02] (off)
Sep 19 15:21:48 librenms kernel: [    0.061512] ACPI: Power Resource [FN03] (off)
Sep 19 15:21:48 librenms kernel: [    0.061575] ACPI: Power Resource [FN04] (off)
Sep 19 15:21:48 librenms kernel: [    0.062591] ACPI: PCI Root Bridge [PCI0] (domain 0000 [bus 00-3e])
Sep 19 15:21:48 librenms kernel: [    0.062596] acpi PNP0A08:00: _OSC: OS supports [ExtendedConfig ASPM ClockPM Segments MSI]
Sep 19 15:21:48 librenms kernel: [    0.062833] acpi PNP0A08:00: _OSC: platform does not support [PCIeHotplug PME]
Sep 19 15:21:48 librenms kernel: [    0.062975] acpi PNP0A08:00: _OSC: OS now controls [AER PCIeCapability]
Sep 19 15:21:48 librenms kernel: [    0.062977] acpi PNP0A08:00: FADT indicates ASPM is unsupported, using BIOS configuration
Sep 19 15:21:48 librenms kernel: [    0.063403] PCI host bridge to bus 0000:00
Sep 19 15:21:48 librenms kernel: [    0.063406] pci_bus 0000:00: root bus resource [io  0x0000-0x0cf7 window]
Sep 19 15:21:48 librenms kernel: [    0.063408] pci_bus 0000:00: root bus resource [io  0x0d00-0xffff window]
Sep 19 15:21:48 librenms kernel: [    0.063410] pci_bus 0000:00: root bus resource [mem 0x000a0000-0x000bffff window]
Sep 19 15:21:48 librenms kernel: [    0.063412] pci_bus 0000:00: root bus resource [mem 0x000dc000-0x000dffff window]
Sep 19 15:21:48 librenms kernel: [    0.063414] pci_bus 0000:00: root bus resource [mem 0x000e0000-0x000e3fff window]
Sep 19 15:21:48 librenms kernel: [    0.063415] pci_bus 0000:00: root bus resource [mem 0x000e4000-0x000e7fff window]
Sep 19 15:21:48 librenms kernel: [    0.063417] pci_bus 0000:00: root bus resource [mem 0xdf200000-0xfeafffff window]
Sep 19 15:21:48 librenms kernel: [    0.063419] pci_bus 0000:00: root bus resource [bus 00-3e]
Sep 19 15:21:48 librenms kernel: [    0.063426] pci 0000:00:00.0: [8086:0c00] type 00 class 0x060000
Sep 19 15:21:48 librenms kernel: [    0.063496] pci 0000:00:01.0: [8086:0c01] type 01 class 0x060400
Sep 19 15:21:48 librenms kernel: [    0.063524] pci 0000:00:01.0: PME# supported from D0 D3hot D3cold
Sep 19 15:21:48 librenms kernel: [    0.063620] pci 0000:00:01.1: [8086:0c05] type 01 class 0x060400
Sep 19 15:21:48 librenms kernel: [    0.063648] pci 0000:00:01.1: PME# supported from D0 D3hot D3cold
Sep 19 15:21:48 librenms kernel: [    0.063740] pci 0000:00:01.2: [8086:0c09] type 01 class 0x060400
Sep 19 15:21:48 librenms kernel: [    0.063768] pci 0000:00:01.2: PME# supported from D0 D3hot D3cold
Sep 19 15:21:48 librenms kernel: [    0.063859] pci 0000:00:02.0: [8086:041e] type 00 class 0x030000
Sep 19 15:21:48 librenms kernel: [    0.063867] pci 0000:00:02.0: reg 0x10: [mem 0xf7800000-0xf7bfffff 64bit]
Sep 19 15:21:48 librenms kernel: [    0.063871] pci 0000:00:02.0: reg 0x18: [mem 0xe0000000-0xefffffff 64bit pref]
Sep 19 15:21:48 librenms kernel: [    0.063874] pci 0000:00:02.0: reg 0x20: [io  0xf000-0xf03f]
Sep 19 15:21:48 librenms kernel: [    0.063936] pci 0000:00:03.0: [8086:0c0c] type 00 class 0x040300
Sep 19 15:21:48 librenms kernel: [    0.063942] pci 0000:00:03.0: reg 0x10: [mem 0xf7e30000-0xf7e33fff 64bit]
Sep 19 15:21:48 librenms kernel: [    0.064026] pci 0000:00:14.0: [8086:8c31] type 00 class 0x0c0330
Sep 19 15:21:48 librenms kernel: [    0.064044] pci 0000:00:14.0: reg 0x10: [mem 0xf7e20000-0xf7e2ffff 64bit]
Sep 19 15:21:48 librenms kernel: [    0.064095] pci 0000:00:14.0: PME# supported from D3hot D3cold
Sep 19 15:21:48 librenms kernel: [    0.064153] pci 0000:00:16.0: [8086:8c3a] type 00 class 0x078000
Sep 19 15:21:48 librenms kernel: [    0.064171] pci 0000:00:16.0: reg 0x10: [mem 0xf7e3c000-0xf7e3c00f 64bit]
Sep 19 15:21:48 librenms kernel: [    0.064224] pci 0000:00:16.0: PME# supported from D0 D3hot D3cold
Sep 19 15:21:48 librenms kernel: [    0.064278] pci 0000:00:16.3: [8086:8c3d] type 00 class 0x070002
Sep 19 15:21:48 librenms kernel: [    0.064293] pci 0000:00:16.3: reg 0x10: [io  0xf0e0-0xf0e7]
Sep 19 15:21:48 librenms kernel: [    0.064300] pci 0000:00:16.3: reg 0x14: [mem 0xf7e3a000-0xf7e3afff]
Sep 19 15:21:48 librenms kernel: [    0.064405] pci 0000:00:19.0: [8086:153a] type 00 class 0x020000
Sep 19 15:21:48 librenms kernel: [    0.064421] pci 0000:00:19.0: reg 0x10: [mem 0xf7e00000-0xf7e1ffff]
Sep 19 15:21:48 librenms kernel: [    0.064428] pci 0000:00:19.0: reg 0x14: [mem 0xf7e39000-0xf7e39fff]
Sep 19 15:21:48 librenms kernel: [    0.064435] pci 0000:00:19.0: reg 0x18: [io  0xf080-0xf09f]
Sep 19 15:21:48 librenms kernel: [    0.064484] pci 0000:00:19.0: PME# supported from D0 D3hot D3cold
Sep 19 15:21:48 librenms kernel: [    0.064541] pci 0000:00:1a.0: [8086:8c2d] type 00 class 0x0c0320
Sep 19 15:21:48 librenms kernel: [    0.064559] pci 0000:00:1a.0: reg 0x10: [mem 0xf7e38000-0xf7e383ff]
Sep 19 15:21:48 librenms kernel: [    0.064630] pci 0000:00:1a.0: PME# supported from D0 D3hot D3cold
Sep 19 15:21:48 librenms kernel: [    0.064687] pci 0000:00:1c.0: [8086:8c10] type 01 class 0x060400
Sep 19 15:21:48 librenms kernel: [    0.064748] pci 0000:00:1c.0: PME# supported from D0 D3hot D3cold
Sep 19 15:21:48 librenms kernel: [    0.064848] pci 0000:00:1c.3: [8086:8c16] type 01 class 0x060400
Sep 19 15:21:48 librenms kernel: [    0.064910] pci 0000:00:1c.3: PME# supported from D0 D3hot D3cold
Sep 19 15:21:48 librenms kernel: [    0.065010] pci 0000:00:1d.0: [8086:8c26] type 00 class 0x0c0320
Sep 19 15:21:48 librenms kernel: [    0.065029] pci 0000:00:1d.0: reg 0x10: [mem 0xf7e37000-0xf7e373ff]
Sep 19 15:21:48 librenms kernel: [    0.065102] pci 0000:00:1d.0: PME# supported from D0 D3hot D3cold
Sep 19 15:21:48 librenms kernel: [    0.065161] pci 0000:00:1f.0: [8086:8c56] type 00 class 0x060100
Sep 19 15:21:48 librenms kernel: [    0.065307] pci 0000:00:1f.2: [8086:2826] type 00 class 0x010400
Sep 19 15:21:48 librenms kernel: [    0.065321] pci 0000:00:1f.2: reg 0x10: [io  0xf0d0-0xf0d7]
Sep 19 15:21:48 librenms kernel: [    0.065327] pci 0000:00:1f.2: reg 0x14: [io  0xf0c0-0xf0c3]
Sep 19 15:21:48 librenms kernel: [    0.065333] pci 0000:00:1f.2: reg 0x18: [io  0xf0b0-0xf0b7]
Sep 19 15:21:48 librenms kernel: [    0.065339] pci 0000:00:1f.2: reg 0x1c: [io  0xf0a0-0xf0a3]
Sep 19 15:21:48 librenms kernel: [    0.065345] pci 0000:00:1f.2: reg 0x20: [io  0xf060-0xf07f]
Sep 19 15:21:48 librenms kernel: [    0.065351] pci 0000:00:1f.2: reg 0x24: [mem 0xf7e36000-0xf7e367ff]
Sep 19 15:21:48 librenms kernel: [    0.065380] pci 0000:00:1f.2: PME# supported from D3hot
Sep 19 15:21:48 librenms kernel: [    0.065433] pci 0000:00:1f.3: [8086:8c22] type 00 class 0x0c0500
Sep 19 15:21:48 librenms kernel: [    0.065448] pci 0000:00:1f.3: reg 0x10: [mem 0xf7e35000-0xf7e350ff 64bit]
Sep 19 15:21:48 librenms kernel: [    0.065465] pci 0000:00:1f.3: reg 0x20: [io  0x0580-0x059f]
Sep 19 15:21:48 librenms kernel: [    0.065553] pci 0000:00:01.0: PCI bridge to [bus 01]
Sep 19 15:21:48 librenms kernel: [    0.065592] pci 0000:02:00.0: [8086:1533] type 00 class 0x020000
Sep 19 15:21:48 librenms kernel: [    0.065617] pci 0000:02:00.0: reg 0x10: [mem 0xf7d00000-0xf7d7ffff]
Sep 19 15:21:48 librenms kernel: [    0.065636] pci 0000:02:00.0: reg 0x18: [io  0xe000-0xe01f]
Sep 19 15:21:48 librenms kernel: [    0.065646] pci 0000:02:00.0: reg 0x1c: [mem 0xf7d80000-0xf7d83fff]
Sep 19 15:21:48 librenms kernel: [    0.065739] pci 0000:02:00.0: PME# supported from D0 D3hot D3cold
Sep 19 15:21:48 librenms kernel: [    0.076037] pci 0000:00:01.1: PCI bridge to [bus 02]
Sep 19 15:21:48 librenms kernel: [    0.076040] pci 0000:00:01.1:   bridge window [io  0xe000-0xefff]
Sep 19 15:21:48 librenms kernel: [    0.076041] pci 0000:00:01.1:   bridge window [mem 0xf7d00000-0xf7dfffff]
Sep 19 15:21:48 librenms kernel: [    0.076078] pci 0000:03:00.0: [8086:1533] type 00 class 0x020000
Sep 19 15:21:48 librenms kernel: [    0.076102] pci 0000:03:00.0: reg 0x10: [mem 0xf7c00000-0xf7c7ffff]
Sep 19 15:21:48 librenms kernel: [    0.076121] pci 0000:03:00.0: reg 0x18: [io  0xd000-0xd01f]
Sep 19 15:21:48 librenms kernel: [    0.076131] pci 0000:03:00.0: reg 0x1c: [mem 0xf7c80000-0xf7c83fff]
Sep 19 15:21:48 librenms kernel: [    0.076225] pci 0000:03:00.0: PME# supported from D0 D3hot D3cold
Sep 19 15:21:48 librenms kernel: [    0.088038] pci 0000:00:01.2: PCI bridge to [bus 03]
Sep 19 15:21:48 librenms kernel: [    0.088040] pci 0000:00:01.2:   bridge window [io  0xd000-0xdfff]
Sep 19 15:21:48 librenms kernel: [    0.088041] pci 0000:00:01.2:   bridge window [mem 0xf7c00000-0xf7cfffff]
Sep 19 15:21:48 librenms kernel: [    0.088100] acpiphp: Slot [1] registered
Sep 19 15:21:48 librenms kernel: [    0.088105] pci 0000:00:1c.0: PCI bridge to [bus 04]
Sep 19 15:21:48 librenms kernel: [    0.088201] pci 0000:05:00.0: [1283:8893] type 01 class 0x060401
Sep 19 15:21:48 librenms kernel: [    0.088569] pci 0000:05:00.0: supports D1 D2
Sep 19 15:21:48 librenms kernel: [    0.088569] pci 0000:05:00.0: PME# supported from D0 D1 D2 D3hot D3cold
Sep 19 15:21:48 librenms kernel: [    0.088631] pci 0000:00:1c.3: PCI bridge to [bus 05-06]
Sep 19 15:21:48 librenms kernel: [    0.088763] pci 0000:05:00.0: PCI bridge to [bus 06] (subtractive decode)
Sep 19 15:21:48 librenms kernel: [    0.089665] ACPI: PCI Interrupt Link [LNKA] (IRQs 3 4 5 6 10 *11 12 14 15)
Sep 19 15:21:48 librenms kernel: [    0.089718] ACPI: PCI Interrupt Link [LNKB] (IRQs 3 4 5 6 *10 11 12 14 15)
Sep 19 15:21:48 librenms kernel: [    0.089768] ACPI: PCI Interrupt Link [LNKC] (IRQs 3 4 *5 6 10 11 12 14 15)
Sep 19 15:21:48 librenms kernel: [    0.089817] ACPI: PCI Interrupt Link [LNKD] (IRQs *3 4 5 6 10 11 12 14 15)
Sep 19 15:21:48 librenms kernel: [    0.089867] ACPI: PCI Interrupt Link [LNKE] (IRQs 3 4 5 6 10 *11 12 14 15)
Sep 19 15:21:48 librenms kernel: [    0.089917] ACPI: PCI Interrupt Link [LNKF] (IRQs 3 4 5 6 10 11 12 14 15) *0, disabled.
Sep 19 15:21:48 librenms kernel: [    0.089966] ACPI: PCI Interrupt Link [LNKG] (IRQs 3 4 5 6 10 11 12 14 15) *0, disabled.
Sep 19 15:21:48 librenms kernel: [    0.090016] ACPI: PCI Interrupt Link [LNKH] (IRQs 3 4 5 6 *10 11 12 14 15)
Sep 19 15:21:48 librenms kernel: [    0.090517] SCSI subsystem initialized
Sep 19 15:21:48 librenms kernel: [    0.090527] libata version 3.00 loaded.
Sep 19 15:21:48 librenms kernel: [    0.090527] pci 0000:00:02.0: vgaarb: setting as boot VGA device
Sep 19 15:21:48 librenms kernel: [    0.090527] pci 0000:00:02.0: vgaarb: VGA device added: decodes=io+mem,owns=io+mem,locks=none
Sep 19 15:21:48 librenms kernel: [    0.090527] pci 0000:00:02.0: vgaarb: bridge control possible
Sep 19 15:21:48 librenms kernel: [    0.090527] vgaarb: loaded
Sep 19 15:21:48 librenms kernel: [    0.090527] ACPI: bus type USB registered
Sep 19 15:21:48 librenms kernel: [    0.090527] usbcore: registered new interface driver usbfs
Sep 19 15:21:48 librenms kernel: [    0.090527] usbcore: registered new interface driver hub
Sep 19 15:21:48 librenms kernel: [    0.090527] usbcore: registered new device driver usb
Sep 19 15:21:48 librenms kernel: [    0.090527] EDAC MC: Ver: 3.0.0
Sep 19 15:21:48 librenms kernel: [    0.090527] PCI: Using ACPI for IRQ routing
Sep 19 15:21:48 librenms kernel: [    0.090527] PCI: pci_cache_line_size set to 64 bytes
Sep 19 15:21:48 librenms kernel: [    0.090527] e820: reserve RAM buffer [mem 0x00094400-0x0009ffff]
Sep 19 15:21:48 librenms kernel: [    0.090527] e820: reserve RAM buffer [mem 0xca41d000-0xcbffffff]
Sep 19 15:21:48 librenms kernel: [    0.090527] e820: reserve RAM buffer [mem 0xca86c000-0xcbffffff]
Sep 19 15:21:48 librenms kernel: [    0.090527] e820: reserve RAM buffer [mem 0xda6da000-0xdbffffff]
Sep 19 15:21:48 librenms kernel: [    0.090527] e820: reserve RAM buffer [mem 0x11ee00000-0x11fffffff]
Sep 19 15:21:48 librenms kernel: [    0.092001] NetLabel: Initializing
Sep 19 15:21:48 librenms kernel: [    0.092001] NetLabel:  domain hash size = 128
Sep 19 15:21:48 librenms kernel: [    0.092001] NetLabel:  protocols = UNLABELED CIPSOv4 CALIPSO
Sep 19 15:21:48 librenms kernel: [    0.092001] NetLabel:  unlabeled traffic allowed by default
Sep 19 15:21:48 librenms kernel: [    0.092269] hpet0: at MMIO 0xfed00000, IRQs 2, 8, 0, 0, 0, 0, 0, 0
Sep 19 15:21:48 librenms kernel: [    0.092274] hpet0: 8 comparators, 64-bit 14.318180 MHz counter
Sep 19 15:21:48 librenms kernel: [    0.094295] clocksource: Switched to clocksource hpet
Sep 19 15:21:48 librenms kernel: [    0.099884] VFS: Disk quotas dquot_6.6.0
Sep 19 15:21:48 librenms kernel: [    0.099905] VFS: Dquot-cache hash table entries: 512 (order 0, 4096 bytes)
Sep 19 15:21:48 librenms kernel: [    0.099986] AppArmor: AppArmor Filesystem Enabled
Sep 19 15:21:48 librenms kernel: [    0.100026] pnp: PnP ACPI init
Sep 19 15:21:48 librenms kernel: [    0.100295] system 00:00: [io  0x0680-0x069f] has been reserved
Sep 19 15:21:48 librenms kernel: [    0.100298] system 00:00: [io  0xffff] has been reserved
Sep 19 15:21:48 librenms kernel: [    0.100300] system 00:00: [io  0xffff] has been reserved
Sep 19 15:21:48 librenms kernel: [    0.100302] system 00:00: [io  0xffff] has been reserved
Sep 19 15:21:48 librenms kernel: [    0.100303] system 00:00: [io  0x1c00-0x1cfe] has been reserved
Sep 19 15:21:48 librenms kernel: [    0.100305] system 00:00: [io  0x1d00-0x1dfe] has been reserved
Sep 19 15:21:48 librenms kernel: [    0.100307] system 00:00: [io  0x1e00-0x1efe] has been reserved
Sep 19 15:21:48 librenms kernel: [    0.100309] system 00:00: [io  0x1f00-0x1ffe] has been reserved
Sep 19 15:21:48 librenms kernel: [    0.100310] system 00:00: [io  0x1800-0x18fe] has been reserved
Sep 19 15:21:48 librenms kernel: [    0.100312] system 00:00: [io  0x164e-0x164f] has been reserved
Sep 19 15:21:48 librenms kernel: [    0.100317] system 00:00: Plug and Play ACPI device, IDs PNP0c02 (active)
Sep 19 15:21:48 librenms kernel: [    0.100336] pnp 00:01: Plug and Play ACPI device, IDs PNP0b00 (active)
Sep 19 15:21:48 librenms kernel: [    0.100382] system 00:02: [io  0x1854-0x1857] has been reserved
Sep 19 15:21:48 librenms kernel: [    0.100385] system 00:02: Plug and Play ACPI device, IDs INT3f0d PNP0c02 (active)
Sep 19 15:21:48 librenms kernel: [    0.100516] system 00:03: [io  0x0a00-0x0a2f] has been reserved
Sep 19 15:21:48 librenms kernel: [    0.100518] system 00:03: [io  0x0a30-0x0a3f] has been reserved
Sep 19 15:21:48 librenms kernel: [    0.100520] system 00:03: [io  0x0a40-0x0a4f] has been reserved
Sep 19 15:21:48 librenms kernel: [    0.100523] system 00:03: Plug and Play ACPI device, IDs PNP0c02 (active)
Sep 19 15:21:48 librenms kernel: [    0.100575] system 00:04: [io  0x04d0-0x04d1] has been reserved
Sep 19 15:21:48 librenms kernel: [    0.100579] system 00:04: Plug and Play ACPI device, IDs PNP0c02 (active)
Sep 19 15:21:48 librenms kernel: [    0.100745] pnp 00:05: [dma 0 disabled]
Sep 19 15:21:48 librenms kernel: [    0.100774] pnp 00:05: Plug and Play ACPI device, IDs PNP0501 (active)
Sep 19 15:21:48 librenms kernel: [    0.101260] pnp 00:06: Plug and Play ACPI device, IDs PNP0c31 (active)
Sep 19 15:21:48 librenms kernel: [    0.101650] system 00:07: [mem 0xfed1c000-0xfed1ffff] has been reserved
Sep 19 15:21:48 librenms kernel: [    0.101653] system 00:07: [mem 0xfed10000-0xfed17fff] has been reserved
Sep 19 15:21:48 librenms kernel: [    0.101655] system 00:07: [mem 0xfed18000-0xfed18fff] has been reserved
Sep 19 15:21:48 librenms kernel: [    0.101657] system 00:07: [mem 0xfed19000-0xfed19fff] has been reserved
Sep 19 15:21:48 librenms kernel: [    0.101659] system 00:07: [mem 0xf8000000-0xfbffffff] has been reserved
Sep 19 15:21:48 librenms kernel: [    0.101661] system 00:07: [mem 0xfed20000-0xfed3ffff] has been reserved
Sep 19 15:21:48 librenms kernel: [    0.101662] system 00:07: [mem 0xfed90000-0xfed93fff] has been reserved
Sep 19 15:21:48 librenms kernel: [    0.101664] system 00:07: [mem 0xfed45000-0xfed8ffff] has been reserved
Sep 19 15:21:48 librenms kernel: [    0.101666] system 00:07: [mem 0xff000000-0xffffffff] has been reserved
Sep 19 15:21:48 librenms kernel: [    0.101668] system 00:07: [mem 0xfee00000-0xfeefffff] could not be reserved
Sep 19 15:21:48 librenms kernel: [    0.101670] system 00:07: [mem 0xf7fdf000-0xf7fdffff] has been reserved
Sep 19 15:21:48 librenms kernel: [    0.101672] system 00:07: [mem 0xf7fe0000-0xf7feffff] has been reserved
Sep 19 15:21:48 librenms kernel: [    0.101676] system 00:07: Plug and Play ACPI device, IDs PNP0c02 (active)
Sep 19 15:21:48 librenms kernel: [    0.101960] pnp: PnP ACPI: found 8 devices
Sep 19 15:21:48 librenms kernel: [    0.107686] clocksource: acpi_pm: mask: 0xffffff max_cycles: 0xffffff, max_idle_ns: 2085701024 ns
Sep 19 15:21:48 librenms kernel: [    0.107728] pci 0000:00:01.0: PCI bridge to [bus 01]
Sep 19 15:21:48 librenms kernel: [    0.107734] pci 0000:00:01.1: PCI bridge to [bus 02]
Sep 19 15:21:48 librenms kernel: [    0.107736] pci 0000:00:01.1:   bridge window [io  0xe000-0xefff]
Sep 19 15:21:48 librenms kernel: [    0.107738] pci 0000:00:01.1:   bridge window [mem 0xf7d00000-0xf7dfffff]
Sep 19 15:21:48 librenms kernel: [    0.107742] pci 0000:00:01.2: PCI bridge to [bus 03]
Sep 19 15:21:48 librenms kernel: [    0.107744] pci 0000:00:01.2:   bridge window [io  0xd000-0xdfff]
Sep 19 15:21:48 librenms kernel: [    0.107747] pci 0000:00:01.2:   bridge window [mem 0xf7c00000-0xf7cfffff]
Sep 19 15:21:48 librenms kernel: [    0.107752] pci 0000:00:1c.0: PCI bridge to [bus 04]
Sep 19 15:21:48 librenms kernel: [    0.107761] pci 0000:05:00.0: PCI bridge to [bus 06]
Sep 19 15:21:48 librenms kernel: [    0.107784] pci 0000:00:1c.3: PCI bridge to [bus 05-06]
Sep 19 15:21:48 librenms kernel: [    0.107794] pci_bus 0000:00: resource 4 [io  0x0000-0x0cf7 window]
Sep 19 15:21:48 librenms kernel: [    0.107795] pci_bus 0000:00: resource 5 [io  0x0d00-0xffff window]
Sep 19 15:21:48 librenms kernel: [    0.107795] pci_bus 0000:00: resource 6 [mem 0x000a0000-0x000bffff window]
Sep 19 15:21:48 librenms kernel: [    0.107796] pci_bus 0000:00: resource 7 [mem 0x000dc000-0x000dffff window]
Sep 19 15:21:48 librenms kernel: [    0.107797] pci_bus 0000:00: resource 8 [mem 0x000e0000-0x000e3fff window]
Sep 19 15:21:48 librenms kernel: [    0.107798] pci_bus 0000:00: resource 9 [mem 0x000e4000-0x000e7fff window]
Sep 19 15:21:48 librenms kernel: [    0.107799] pci_bus 0000:00: resource 10 [mem 0xdf200000-0xfeafffff window]
Sep 19 15:21:48 librenms kernel: [    0.107799] pci_bus 0000:02: resource 0 [io  0xe000-0xefff]
Sep 19 15:21:48 librenms kernel: [    0.107800] pci_bus 0000:02: resource 1 [mem 0xf7d00000-0xf7dfffff]
Sep 19 15:21:48 librenms kernel: [    0.107801] pci_bus 0000:03: resource 0 [io  0xd000-0xdfff]
Sep 19 15:21:48 librenms kernel: [    0.107801] pci_bus 0000:03: resource 1 [mem 0xf7c00000-0xf7cfffff]
Sep 19 15:21:48 librenms kernel: [    0.107899] NET: Registered protocol family 2
Sep 19 15:21:48 librenms kernel: [    0.108088] TCP established hash table entries: 32768 (order: 6, 262144 bytes)
Sep 19 15:21:48 librenms kernel: [    0.108151] TCP bind hash table entries: 32768 (order: 7, 524288 bytes)
Sep 19 15:21:48 librenms kernel: [    0.108252] TCP: Hash tables configured (established 32768 bind 32768)
Sep 19 15:21:48 librenms kernel: [    0.108280] UDP hash table entries: 2048 (order: 4, 65536 bytes)
Sep 19 15:21:48 librenms kernel: [    0.108296] UDP-Lite hash table entries: 2048 (order: 4, 65536 bytes)
Sep 19 15:21:48 librenms kernel: [    0.108337] NET: Registered protocol family 1
Sep 19 15:21:48 librenms kernel: [    0.108351] pci 0000:00:02.0: Video device with shadowed ROM at [mem 0x000c0000-0x000dffff]
Sep 19 15:21:48 librenms kernel: [    0.152117] PCI: CLS 64 bytes, default 64
Sep 19 15:21:48 librenms kernel: [    0.152145] Unpacking initramfs...
Sep 19 15:21:48 librenms kernel: [    0.705868] Freeing initrd memory: 55960K
Sep 19 15:21:48 librenms kernel: [    0.705924] PCI-DMA: Using software bounce buffering for IO (SWIOTLB)
Sep 19 15:21:48 librenms kernel: [    0.705927] software IO TLB: mapped [mem 0xd66da000-0xda6da000] (64MB)
Sep 19 15:21:48 librenms kernel: [    0.706145] Scanning for low memory corruption every 60 seconds
Sep 19 15:21:48 librenms kernel: [    0.706606] Initialise system trusted keyrings
Sep 19 15:21:48 librenms kernel: [    0.706615] Key type blacklist registered
Sep 19 15:21:48 librenms kernel: [    0.706646] workingset: timestamp_bits=36 max_order=20 bucket_order=0
Sep 19 15:21:48 librenms kernel: [    0.707360] zbud: loaded
Sep 19 15:21:48 librenms kernel: [    0.707697] squashfs: version 4.0 (2009/01/31) Phillip Lougher
Sep 19 15:21:48 librenms kernel: [    0.707792] fuse init (API version 7.26)
Sep 19 15:21:48 librenms kernel: [    0.708989] Key type asymmetric registered
Sep 19 15:21:48 librenms kernel: [    0.708991] Asymmetric key parser 'x509' registered
Sep 19 15:21:48 librenms kernel: [    0.709011] Block layer SCSI generic (bsg) driver version 0.4 loaded (major 246)
Sep 19 15:21:48 librenms kernel: [    0.709042] io scheduler noop registered
Sep 19 15:21:48 librenms kernel: [    0.709044] io scheduler deadline registered
Sep 19 15:21:48 librenms kernel: [    0.709060] io scheduler cfq registered (default)
Sep 19 15:21:48 librenms kernel: [    0.709657] vesafb: mode is 1920x1080x32, linelength=7680, pages=0
Sep 19 15:21:48 librenms kernel: [    0.709659] vesafb: scrolling: redraw
Sep 19 15:21:48 librenms kernel: [    0.709661] vesafb: Truecolor: size=8:8:8:8, shift=24:16:8:0
Sep 19 15:21:48 librenms kernel: [    0.709671] vesafb: framebuffer at 0xe0000000, mapped to 0x        (ptrval), using 8128k, total 8128k
Sep 19 15:21:48 librenms kernel: [    0.830039] Console: switching to colour frame buffer device 240x67
Sep 19 15:21:48 librenms kernel: [    0.950477] fb0: VESA VGA frame buffer device
Sep 19 15:21:48 librenms kernel: [    0.950863] intel_idle: MWAIT substates: 0x42120
Sep 19 15:21:48 librenms kernel: [    0.950864] intel_idle: v0.4.1 model 0x3C
Sep 19 15:21:48 librenms kernel: [    0.950969] intel_idle: lapic_timer_reliable_states 0xffffffff
Sep 19 15:21:48 librenms kernel: [    0.951063] input: Power Button as /devices/LNXSYSTM:00/LNXSYBUS:00/PNP0C0C:00/input/input0
Sep 19 15:21:48 librenms kernel: [    0.951799] ACPI: Power Button [PWRB]
Sep 19 15:21:48 librenms kernel: [    0.952148] input: Power Button as /devices/LNXSYSTM:00/LNXPWRBN:00/input/input1
Sep 19 15:21:48 librenms kernel: [    0.952797] ACPI: Power Button [PWRF]
Sep 19 15:21:48 librenms kernel: [    0.953638] (NULL device *): hwmon_device_register() is deprecated. Please convert the driver to use hwmon_device_register_with_info().
Sep 19 15:21:48 librenms kernel: [    0.954789] thermal LNXTHERM:00: registered as thermal_zone0
Sep 19 15:21:48 librenms kernel: [    0.955272] ACPI: Thermal Zone [TZ00] (28 C)
Sep 19 15:21:48 librenms kernel: [    0.955836] thermal LNXTHERM:01: registered as thermal_zone1
Sep 19 15:21:48 librenms kernel: [    0.956328] ACPI: Thermal Zone [TZ01] (30 C)
Sep 19 15:21:48 librenms kernel: [    0.956736] ERST: Error Record Serialization Table (ERST) support is initialized.
Sep 19 15:21:48 librenms kernel: [    0.957380] pstore: using zlib compression
Sep 19 15:21:48 librenms kernel: [    0.957734] pstore: Registered erst as persistent store backend
Sep 19 15:21:48 librenms kernel: [    0.958302] GHES: APEI firmware first mode is enabled by APEI bit and WHEA _OSC.
Sep 19 15:21:48 librenms kernel: [    0.959017] Serial: 8250/16550 driver, 32 ports, IRQ sharing enabled
Sep 19 15:21:48 librenms kernel: [    0.980550] 00:05: ttyS0 at I/O 0x3f8 (irq = 4, base_baud = 115200) is a 16550A
Sep 19 15:21:48 librenms kernel: [    1.002622] 0000:00:16.3: ttyS4 at I/O 0xf0e0 (irq = 19, base_baud = 115200) is a 16550A
Sep 19 15:21:48 librenms kernel: [    1.003597] Linux agpgart interface v0.103
Sep 19 15:21:48 librenms kernel: [    1.009380] tpm_tis 00:06: 1.2 TPM (device-id 0x0, rev-id 78)
Sep 19 15:21:48 librenms kernel: [    1.059932] loop: module loaded
Sep 19 15:21:48 librenms kernel: [    1.060338] libphy: Fixed MDIO Bus: probed
Sep 19 15:21:48 librenms kernel: [    1.060691] tun: Universal TUN/TAP device driver, 1.6
Sep 19 15:21:48 librenms kernel: [    1.061150] PPP generic driver version 2.4.2
Sep 19 15:21:48 librenms kernel: [    1.061545] ehci_hcd: USB 2.0 'Enhanced' Host Controller (EHCI) Driver
Sep 19 15:21:48 librenms kernel: [    1.062108] ehci-pci: EHCI PCI platform driver
Sep 19 15:21:48 librenms kernel: [    1.062606] ehci-pci 0000:00:1a.0: EHCI Host Controller
Sep 19 15:21:48 librenms kernel: [    1.063060] ehci-pci 0000:00:1a.0: new USB bus registered, assigned bus number 1
Sep 19 15:21:48 librenms kernel: [    1.063703] ehci-pci 0000:00:1a.0: debug port 2
Sep 19 15:21:48 librenms kernel: [    1.068008] ehci-pci 0000:00:1a.0: cache line size of 64 is not supported
Sep 19 15:21:48 librenms kernel: [    1.068018] ehci-pci 0000:00:1a.0: irq 17, io mem 0xf7e38000
Sep 19 15:21:48 librenms kernel: [    1.084014] ehci-pci 0000:00:1a.0: USB 2.0 started, EHCI 1.00
Sep 19 15:21:48 librenms kernel: [    1.084530] usb usb1: New USB device found, idVendor=1d6b, idProduct=0002
Sep 19 15:21:48 librenms kernel: [    1.085111] usb usb1: New USB device strings: Mfr=3, Product=2, SerialNumber=1
Sep 19 15:21:48 librenms kernel: [    1.085730] usb usb1: Product: EHCI Host Controller
Sep 19 15:21:48 librenms kernel: [    1.086148] usb usb1: Manufacturer: Linux 4.15.0-64-generic ehci_hcd
Sep 19 15:21:48 librenms kernel: [    1.086692] usb usb1: SerialNumber: 0000:00:1a.0
Sep 19 15:21:48 librenms kernel: [    1.087180] hub 1-0:1.0: USB hub found
Sep 19 15:21:48 librenms kernel: [    1.087505] hub 1-0:1.0: 3 ports detected
Sep 19 15:21:48 librenms kernel: [    1.088026] ehci-pci 0000:00:1d.0: EHCI Host Controller
Sep 19 15:21:48 librenms kernel: [    1.088477] ehci-pci 0000:00:1d.0: new USB bus registered, assigned bus number 2
Sep 19 15:21:48 librenms kernel: [    1.089117] ehci-pci 0000:00:1d.0: debug port 2
Sep 19 15:21:48 librenms kernel: [    1.093394] ehci-pci 0000:00:1d.0: cache line size of 64 is not supported
Sep 19 15:21:48 librenms kernel: [    1.093401] ehci-pci 0000:00:1d.0: irq 23, io mem 0xf7e37000
Sep 19 15:21:48 librenms kernel: [    1.108014] ehci-pci 0000:00:1d.0: USB 2.0 started, EHCI 1.00
Sep 19 15:21:48 librenms kernel: [    1.134793] usb usb2: New USB device found, idVendor=1d6b, idProduct=0002
Sep 19 15:21:48 librenms kernel: [    1.161866] usb usb2: New USB device strings: Mfr=3, Product=2, SerialNumber=1
Sep 19 15:21:48 librenms kernel: [    1.189071] usb usb2: Product: EHCI Host Controller
Sep 19 15:21:48 librenms kernel: [    1.216106] usb usb2: Manufacturer: Linux 4.15.0-64-generic ehci_hcd
Sep 19 15:21:48 librenms kernel: [    1.243208] usb usb2: SerialNumber: 0000:00:1d.0
Sep 19 15:21:48 librenms kernel: [    1.270133] hub 2-0:1.0: USB hub found
Sep 19 15:21:48 librenms kernel: [    1.296809] hub 2-0:1.0: 3 ports detected
Sep 19 15:21:48 librenms kernel: [    1.323503] ehci-platform: EHCI generic platform driver
Sep 19 15:21:48 librenms kernel: [    1.350149] ohci_hcd: USB 1.1 'Open' Host Controller (OHCI) Driver
Sep 19 15:21:48 librenms kernel: [    1.376815] ohci-pci: OHCI PCI platform driver
Sep 19 15:21:48 librenms kernel: [    1.403355] ohci-platform: OHCI generic platform driver
Sep 19 15:21:48 librenms kernel: [    1.420032] usb 1-1: new high-speed USB device number 2 using ehci-pci
Sep 19 15:21:48 librenms kernel: [    1.429889] uhci_hcd: USB Universal Host Controller Interface driver
Sep 19 15:21:48 librenms kernel: [    1.483646] xhci_hcd 0000:00:14.0: xHCI Host Controller
Sep 19 15:21:48 librenms kernel: [    1.510444] xhci_hcd 0000:00:14.0: new USB bus registered, assigned bus number 3
Sep 19 15:21:48 librenms kernel: [    1.538317] xhci_hcd 0000:00:14.0: hcc params 0x200077c1 hci version 0x100 quirks 0x0000000000009810
Sep 19 15:21:48 librenms kernel: [    1.565496] xhci_hcd 0000:00:14.0: cache line size of 64 is not supported
Sep 19 15:21:48 librenms kernel: [    1.565592] usb usb3: New USB device found, idVendor=1d6b, idProduct=0002
Sep 19 15:21:48 librenms kernel: [    1.593083] usb usb3: New USB device strings: Mfr=3, Product=2, SerialNumber=1
Sep 19 15:21:48 librenms kernel: [    1.612438] usb 1-1: New USB device found, idVendor=8087, idProduct=8008
Sep 19 15:21:48 librenms kernel: [    1.620777] usb usb3: Product: xHCI Host Controller
Sep 19 15:21:48 librenms kernel: [    1.648414] usb 1-1: New USB device strings: Mfr=0, Product=0, SerialNumber=0
Sep 19 15:21:48 librenms kernel: [    1.651831] hub 1-1:1.0: USB hub found
Sep 19 15:21:48 librenms kernel: [    1.660016] usb 2-1: new high-speed USB device number 2 using ehci-pci
Sep 19 15:21:48 librenms kernel: [    1.676110] usb usb3: Manufacturer: Linux 4.15.0-64-generic xhci-hcd
Sep 19 15:21:48 librenms kernel: [    1.704064] hub 1-1:1.0: 6 ports detected
Sep 19 15:21:48 librenms kernel: [    1.728337] tsc: Refined TSC clocksource calibration: 3392.144 MHz
Sep 19 15:21:48 librenms kernel: [    1.728345] clocksource: tsc: mask: 0xffffffffffffffff max_cycles: 0x30e5517d4e4, max_idle_ns: 440795261668 ns
Sep 19 15:21:48 librenms kernel: [    1.731826] usb usb3: SerialNumber: 0000:00:14.0
Sep 19 15:21:48 librenms kernel: [    1.816295] usb 2-1: New USB device found, idVendor=8087, idProduct=8000
Sep 19 15:21:48 librenms kernel: [    1.843016] hub 3-0:1.0: USB hub found
Sep 19 15:21:48 librenms kernel: [    1.871027] usb 2-1: New USB device strings: Mfr=0, Product=0, SerialNumber=0
Sep 19 15:21:48 librenms kernel: [    1.899064] hub 2-1:1.0: USB hub found
Sep 19 15:21:48 librenms kernel: [    1.926757] hub 3-0:1.0: 15 ports detected
Sep 19 15:21:48 librenms kernel: [    1.954172] hub 2-1:1.0: 8 ports detected
Sep 19 15:21:48 librenms kernel: [    1.984114] xhci_hcd 0000:00:14.0: xHCI Host Controller
Sep 19 15:21:48 librenms kernel: [    2.086951] xhci_hcd 0000:00:14.0: new USB bus registered, assigned bus number 4
Sep 19 15:21:48 librenms kernel: [    2.113317] xhci_hcd 0000:00:14.0: Host supports USB 3.0  SuperSpeed
Sep 19 15:21:48 librenms kernel: [    2.139639] usb usb4: New USB device found, idVendor=1d6b, idProduct=0003
Sep 19 15:21:48 librenms kernel: [    2.165997] usb usb4: New USB device strings: Mfr=3, Product=2, SerialNumber=1
Sep 19 15:21:48 librenms kernel: [    2.192223] usb usb4: Product: xHCI Host Controller
Sep 19 15:21:48 librenms kernel: [    2.218172] usb usb4: Manufacturer: Linux 4.15.0-64-generic xhci-hcd
Sep 19 15:21:48 librenms kernel: [    2.244054] usb usb4: SerialNumber: 0000:00:14.0
Sep 19 15:21:48 librenms kernel: [    2.269687] hub 4-0:1.0: USB hub found
Sep 19 15:21:48 librenms kernel: [    2.295075] hub 4-0:1.0: 6 ports detected
Sep 19 15:21:48 librenms kernel: [    2.320798] i8042: PNP: No PS/2 controller found.
Sep 19 15:21:48 librenms kernel: [    2.344034] usb 3-5: new full-speed USB device number 2 using xhci_hcd
Sep 19 15:21:48 librenms kernel: [    2.346176] mousedev: PS/2 mouse device common for all mice
Sep 19 15:21:48 librenms kernel: [    2.397401] rtc_cmos 00:01: RTC can wake from S4
Sep 19 15:21:48 librenms kernel: [    2.423021] rtc_cmos 00:01: rtc core: registered rtc_cmos as rtc0
Sep 19 15:21:48 librenms kernel: [    2.448544] rtc_cmos 00:01: alarms up to one month, y3k, 242 bytes nvram, hpet irqs
Sep 19 15:21:48 librenms kernel: [    2.474322] i2c /dev entries driver
Sep 19 15:21:48 librenms kernel: [    2.499934] device-mapper: uevent: version 1.0.3
Sep 19 15:21:48 librenms kernel: [    2.518253] usb 3-5: New USB device found, idVendor=046d, idProduct=c52b
Sep 19 15:21:48 librenms kernel: [    2.525635] device-mapper: ioctl: 4.37.0-ioctl (2017-09-20) initialised: dm-devel@redhat.com
Sep 19 15:21:48 librenms kernel: [    2.551564] usb 3-5: New USB device strings: Mfr=1, Product=2, SerialNumber=0
Sep 19 15:21:48 librenms kernel: [    2.578229] intel_pstate: Intel P-state driver initializing
Sep 19 15:21:48 librenms kernel: [    2.604831] usb 3-5: Product: USB Receiver
Sep 19 15:21:48 librenms kernel: [    2.658054] usb 3-5: Manufacturer: Logitech
Sep 19 15:21:48 librenms kernel: [    2.684396] ledtrig-cpu: registered to indicate activity on CPUs
Sep 19 15:21:48 librenms kernel: [    2.711333] NET: Registered protocol family 10
Sep 19 15:21:48 librenms kernel: [    2.740555] Segment Routing with IPv6
Sep 19 15:21:48 librenms kernel: [    2.767195] clocksource: Switched to clocksource tsc
Sep 19 15:21:48 librenms kernel: [    2.767209] NET: Registered protocol family 17
Sep 19 15:21:48 librenms kernel: [    2.820751] Key type dns_resolver registered
Sep 19 15:21:48 librenms kernel: [    2.847550] mce: Using 7 MCE banks
Sep 19 15:21:48 librenms kernel: [    2.874162] RAS: Correctable Errors collector initialized.
Sep 19 15:21:48 librenms kernel: [    2.901099] microcode: sig=0x306c3, pf=0x2, revision=0x27
Sep 19 15:21:48 librenms kernel: [    2.927941] microcode: Microcode Update Driver: v2.2.
Sep 19 15:21:48 librenms kernel: [    2.927951] sched_clock: Marking stable (2927938208, 0)->(2910405146, 17533062)
Sep 19 15:21:48 librenms kernel: [    2.981732] registered taskstats version 1
Sep 19 15:21:48 librenms kernel: [    3.008522] Loading compiled-in X.509 certificates
Sep 19 15:21:48 librenms kernel: [    3.036929] Loaded X.509 cert 'Build time autogenerated kernel key: 9ff85db0b1f72c0c954e4d2eaca5a9366845820b'
Sep 19 15:21:48 librenms kernel: [    3.064661] zswap: loaded using pool lzo/zbud
Sep 19 15:21:48 librenms kernel: [    3.094481] Key type big_key registered
Sep 19 15:21:48 librenms kernel: [    3.122180] Key type trusted registered
Sep 19 15:21:48 librenms kernel: [    3.150840] Key type encrypted registered
Sep 19 15:21:48 librenms kernel: [    3.178043] AppArmor: AppArmor sha1 policy hashing enabled
Sep 19 15:21:48 librenms kernel: [    3.221478] ima: Allocated hash algorithm: sha1
Sep 19 15:21:48 librenms kernel: [    3.351089] evm: HMAC attrs: 0x1
Sep 19 15:21:48 librenms kernel: [    3.378507]   Magic number: 3:859:386
Sep 19 15:21:48 librenms kernel: [    3.405338] usb usb4: hash matches
Sep 19 15:21:48 librenms kernel: [    3.432065] thermal cooling_device1: hash matches
Sep 19 15:21:48 librenms kernel: [    3.458761] rtc_cmos 00:01: setting system clock to 2019-09-19 15:21:36 UTC (1568906496)
Sep 19 15:21:48 librenms kernel: [    3.485670] BIOS EDD facility v0.16 2004-Jun-25, 0 devices found
Sep 19 15:21:48 librenms kernel: [    3.512508] EDD information not available.
Sep 19 15:21:48 librenms kernel: [    3.822337] Freeing unused kernel image memory: 2436K
Sep 19 15:21:48 librenms kernel: [    3.856057] Write protecting the kernel read-only data: 20480k
Sep 19 15:21:48 librenms kernel: [    3.883406] Freeing unused kernel image memory: 2008K
Sep 19 15:21:48 librenms kernel: [    3.910016] Freeing unused kernel image memory: 1972K
Sep 19 15:21:48 librenms kernel: [    3.941319] x86/mm: Checked W+X mappings: passed, no W+X pages found.
Sep 19 15:21:48 librenms kernel: [    3.967475] x86/mm: Checking user space page tables
Sep 19 15:21:48 librenms kernel: [    3.998557] x86/mm: Checked W+X mappings: passed, no W+X pages found.
Sep 19 15:21:48 librenms kernel: [    4.140950] pps_core: LinuxPPS API ver. 1 registered
Sep 19 15:21:48 librenms kernel: [    4.166234] pps_core: Software ver. 5.3.6 - Copyright 2005-2007 Rodolfo Giometti <giometti@linux.it>
Sep 19 15:21:48 librenms kernel: [    4.193735] PTP clock support registered
Sep 19 15:21:48 librenms kernel: [    4.240314] hidraw: raw HID events driver (C) Jiri Kosina
Sep 19 15:21:48 librenms kernel: [    4.269157] dca service started, version 1.12.1
Sep 19 15:21:48 librenms kernel: [    4.295633] e1000e: Intel(R) PRO/1000 Network Driver - 3.2.6-k
Sep 19 15:21:48 librenms kernel: [    4.321525] e1000e: Copyright(c) 1999 - 2015 Intel Corporation.
Sep 19 15:21:48 librenms kernel: [    4.321564] usbcore: registered new interface driver usbhid
Sep 19 15:21:48 librenms kernel: [    4.347643] e1000e 0000:00:19.0: Interrupt Throttling Rate (ints/sec) set to dynamic conservative mode
Sep 19 15:21:48 librenms kernel: [    4.373377] usbhid: USB HID core driver
Sep 19 15:21:48 librenms kernel: [    4.429388] igb: Intel(R) Gigabit Ethernet Network Driver - version 5.4.0-k
Sep 19 15:21:48 librenms kernel: [    4.456532] igb: Copyright (c) 2007-2014 Intel Corporation.
Sep 19 15:21:48 librenms kernel: [    4.477441] e1000e 0000:00:19.0 0000:00:19.0 (uninitialized): registered PHC clock
Sep 19 15:21:48 librenms kernel: [    4.511109] logitech-djreceiver 0003:046D:C52B.0003: hiddev0,hidraw0: USB HID v1.11 Device [Logitech USB Receiver] on usb-0000:00:14.0-5/input2
Sep 19 15:21:48 librenms kernel: [    4.548908] AVX2 version of gcm_enc/dec engaged.
Sep 19 15:21:48 librenms kernel: [    4.576806] AES CTR mode by8 optimization enabled
Sep 19 15:21:48 librenms kernel: [    4.590986] e1000e 0000:00:19.0 eth0: (PCI Express:2.5GT/s:Width x1) 44:39:c4:50:2b:97
Sep 19 15:21:48 librenms kernel: [    4.633301] e1000e 0000:00:19.0 eth0: Intel(R) PRO/1000 Network Connection
Sep 19 15:21:48 librenms kernel: [    4.661695] e1000e 0000:00:19.0 eth0: MAC: 11, PHY: 12, PBA No: FFFFFF-0FF
Sep 19 15:21:48 librenms kernel: [    4.689906] ahci 0000:00:1f.2: version 3.0
Sep 19 15:21:48 librenms kernel: [    4.690168] ahci 0000:00:1f.2: AHCI 0001.0300 32 slots 5 ports 6 Gbps 0x1f impl RAID mode
Sep 19 15:21:48 librenms kernel: [    4.690650] e1000e 0000:00:19.0 eno1: renamed from eth0
Sep 19 15:21:48 librenms kernel: [    4.718666] ahci 0000:00:1f.2: flags: 64bit ncq pm led clo pio slum part ems apst 
Sep 19 15:21:48 librenms kernel: [    4.786213] input: Logitech K400 as /devices/pci0000:00/0000:00:14.0/usb3/3-5/3-5:1.2/0003:046D:C52B.0003/0003:046D:4024.0004/input/input2
Sep 19 15:21:48 librenms kernel: [    4.816627] logitech-hidpp-device 0003:046D:4024.0004: input,hidraw1: USB HID v1.11 Keyboard [Logitech K400] on usb-0000:00:14.0-5:1
Sep 19 15:21:48 librenms kernel: [    4.820530] pps pps0: new PPS source ptp1
Sep 19 15:21:48 librenms kernel: [    4.824617] scsi host0: ahci
Sep 19 15:21:48 librenms kernel: [    4.824704] scsi host1: ahci
Sep 19 15:21:48 librenms kernel: [    4.824785] scsi host2: ahci
Sep 19 15:21:48 librenms kernel: [    4.828011] scsi host3: ahci
Sep 19 15:21:48 librenms kernel: [    4.828084] scsi host4: ahci
Sep 19 15:21:48 librenms kernel: [    4.828123] ata1: SATA max UDMA/133 abar m2048@0xf7e36000 port 0xf7e36100 irq 26
Sep 19 15:21:48 librenms kernel: [    4.828126] ata2: SATA max UDMA/133 abar m2048@0xf7e36000 port 0xf7e36180 irq 26
Sep 19 15:21:48 librenms kernel: [    4.828128] ata3: SATA max UDMA/133 abar m2048@0xf7e36000 port 0xf7e36200 irq 26
Sep 19 15:21:48 librenms kernel: [    4.828130] ata4: SATA max UDMA/133 abar m2048@0xf7e36000 port 0xf7e36280 irq 26
Sep 19 15:21:48 librenms kernel: [    4.828132] ata5: SATA max UDMA/133 abar m2048@0xf7e36000 port 0xf7e36300 irq 26
Sep 19 15:21:48 librenms kernel: [    5.142443] ata2: SATA link up 6.0 Gbps (SStatus 133 SControl 300)
Sep 19 15:21:48 librenms kernel: [    5.158510] igb 0000:02:00.0: added PHC on eth0
Sep 19 15:21:48 librenms kernel: [    5.185667] ata5: SATA link up 1.5 Gbps (SStatus 113 SControl 300)
Sep 19 15:21:48 librenms kernel: [    5.212982] igb 0000:02:00.0: Intel(R) Gigabit Ethernet Network Connection
Sep 19 15:21:48 librenms kernel: [    5.240337] ata1: SATA link up 6.0 Gbps (SStatus 133 SControl 300)
Sep 19 15:21:48 librenms kernel: [    5.268016] igb 0000:02:00.0: eth0: (PCIe:2.5Gb/s:Width x1) 44:39:c4:6d:35:b9
Sep 19 15:21:48 librenms kernel: [    5.295722] ata4: SATA link down (SStatus 0 SControl 300)
Sep 19 15:21:48 librenms systemd[1]: Started Create Volatile Files and Directories.
Sep 19 15:21:48 librenms systemd[1]: Starting Update UTMP about System Boot/Shutdown...
Sep 19 15:21:48 librenms kernel: [    5.323701] igb 0000:02:00.0: eth0: PBA No: 000300-000
Sep 19 15:21:48 librenms kernel: [    5.379127] igb 0000:02:00.0: Using MSI-X interrupts. 4 rx queue(s), 4 tx queue(s)
Sep 19 15:21:48 librenms kernel: [    5.379128] ata3: SATA link down (SStatus 0 SControl 300)
Sep 19 15:21:48 librenms kernel: [    5.434940] ata2.00: supports DRM functions and may not be fully accessible
Sep 19 15:21:48 librenms systemd[1]: Starting Network Time Synchronization...
Sep 19 15:21:48 librenms kernel: [    5.462451] ata1.00: supports DRM functions and may not be fully accessible
Sep 19 15:21:48 librenms kernel: [    5.462955] [drm] Memory usable by graphics device = 2048M
Sep 19 15:21:48 librenms kernel: [    5.489922] ata5.00: ACPI cmd ef/10:06:00:00:00:00 (SET FEATURES) succeeded
Sep 19 15:21:48 librenms kernel: [    5.489924] ata5.00: ACPI cmd f5/00:00:00:00:00:00 (SECURITY FREEZE LOCK) filtered out
Sep 19 15:21:48 librenms systemd[1]: Started Update UTMP about System Boot/Shutdown.
Sep 19 15:21:48 librenms kernel: [    5.489925] ata5.00: ACPI cmd b1/c1:00:00:00:00:00 (DEVICE CONFIGURATION OVERLAY) filtered out
Sep 19 15:21:48 librenms kernel: [    5.518009] ata5.00: ATAPI: HL-DT-ST DVDRAM GU90N, LC00, max UDMA/33
Sep 19 15:21:48 librenms kernel: [    5.546175] checking generic (e0000000 7f0000) vs hw (e0000000 10000000)
Sep 19 15:21:48 librenms kernel: [    5.602521] fb: switching to inteldrmfb from VESA VGA
Sep 19 15:21:48 librenms kernel: [    5.602532] ata1.00: disabling queued TRIM support
Sep 19 15:21:48 librenms kernel: [    5.631255] ata1.00: ATA-9: Crucial_CT256MX100SSD1, MU01, max UDMA/133
Sep 19 15:21:48 librenms apparmor[474]:  * Starting AppArmor profiles
Sep 19 15:21:48 librenms kernel: [    5.659839] ata1.00: 500118192 sectors, multi 16: LBA48 NCQ (depth 31/32), AA
Sep 19 15:21:48 librenms kernel: [    5.659842] ata2.00: disabling queued TRIM support
Sep 19 15:21:48 librenms kernel: [    5.659843] ata2.00: ATA-9: Crucial_CT256MX100SSD1, MU01, max UDMA/133
Sep 19 15:21:48 librenms kernel: [    5.659844] ata2.00: 500118192 sectors, multi 16: LBA48 NCQ (depth 31/32), AA
Sep 19 15:21:48 librenms systemd[1]: Started ebtables ruleset management.
Sep 19 15:21:48 librenms kernel: [    5.659869] Console: switching to colour dummy device 80x25
Sep 19 15:21:48 librenms kernel: [    5.659972] [drm] Replacing VGA console driver
Sep 19 15:21:48 librenms kernel: [    5.661564] ata5.00: ACPI cmd ef/10:06:00:00:00:00 (SET FEATURES) succeeded
Sep 19 15:21:48 librenms kernel: [    5.661566] ata5.00: ACPI cmd f5/00:00:00:00:00:00 (SECURITY FREEZE LOCK) filtered out
Sep 19 15:21:48 librenms kernel: [    5.661569] ata5.00: ACPI cmd b1/c1:00:00:00:00:00 (DEVICE CONFIGURATION OVERLAY) filtered out
Sep 19 15:21:48 librenms kernel: [    5.663659] ata5.00: configured for UDMA/33
Sep 19 15:21:48 librenms systemd-udevd[466]: link_config: autonegotiation is unset or enabled, the speed and duplex are not writable.
Sep 19 15:21:48 librenms kernel: [    5.666099] [drm] Supports vblank timestamp caching Rev 2 (21.10.2013).
Sep 19 15:21:48 librenms kernel: [    5.666103] [drm] Driver supports precise vblank timestamp query.
Sep 19 15:21:48 librenms kernel: [    5.668064] i915 0000:00:02.0: vgaarb: changed VGA decodes: olddecodes=io+mem,decodes=io+mem:owns=io+mem
Sep 19 15:21:48 librenms kernel: [    5.670778] [drm] Initialized i915 1.6.0 20171023 for 0000:00:02.0 on minor 0
Sep 19 15:21:48 librenms kernel: [    5.671941] ACPI: Video Device [GFX0] (multi-head: yes  rom: no  post: no)
Sep 19 15:21:48 librenms kernel: [    5.672252] input: Video Bus as /devices/LNXSYSTM:00/LNXSYBUS:00/PNP0A08:00/LNXVIDEO:00/input/input3
Sep 19 15:21:48 librenms kernel: [    5.676884] ata1.00: supports DRM functions and may not be fully accessible
Sep 19 15:21:48 librenms systemd-udevd[458]: link_config: autonegotiation is unset or enabled, the speed and duplex are not writable.
Sep 19 15:21:48 librenms kernel: [    5.676921] ata2.00: supports DRM functions and may not be fully accessible
Sep 19 15:21:48 librenms kernel: [    5.684569] ata1.00: disabling queued TRIM support
Sep 19 15:21:48 librenms kernel: [    5.684572] ata2.00: disabling queued TRIM support
Sep 19 15:21:48 librenms kernel: [    5.701069] ata2.00: configured for UDMA/133
Sep 19 15:21:48 librenms kernel: [    5.701113] ata1.00: configured for UDMA/133
Sep 19 15:21:48 librenms kernel: [    5.701232] scsi 0:0:0:0: Direct-Access     ATA      Crucial_CT256MX1 MU01 PQ: 0 ANSI: 5
Sep 19 15:21:48 librenms kernel: [    5.701382] ata1.00: Enabling discard_zeroes_data
Sep 19 15:21:48 librenms systemd-udevd[473]: link_config: autonegotiation is unset or enabled, the speed and duplex are not writable.
Sep 19 15:21:48 librenms kernel: [    5.701388] sd 0:0:0:0: Attached scsi generic sg0 type 0
Sep 19 15:21:48 librenms kernel: [    5.701437] sd 0:0:0:0: [sda] 500118192 512-byte logical blocks: (256 GB/238 GiB)
Sep 19 15:21:48 librenms kernel: [    5.701441] sd 0:0:0:0: [sda] 4096-byte physical blocks
Sep 19 15:21:48 librenms systemd[1]: Started Network Time Synchronization.
Sep 19 15:21:48 librenms kernel: [    5.701453] sd 0:0:0:0: [sda] Write Protect is off
Sep 19 15:21:48 librenms kernel: [    5.701457] sd 0:0:0:0: [sda] Mode Sense: 00 3a 00 00
Sep 19 15:21:48 librenms kernel: [    5.701476] sd 0:0:0:0: [sda] Write cache: enabled, read cache: enabled, doesn't support DPO or FUA
Sep 19 15:21:48 librenms kernel: [    5.701511] scsi 1:0:0:0: Direct-Access     ATA      Crucial_CT256MX1 MU01 PQ: 0 ANSI: 5
Sep 19 15:21:48 librenms systemd[1]: Reached target System Time Synchronized.
Sep 19 15:21:48 librenms kernel: [    5.701597] ata1.00: Enabling discard_zeroes_data
Sep 19 15:21:48 librenms kernel: [    5.701649] sd 1:0:0:0: Attached scsi generic sg1 type 0
Sep 19 15:21:48 librenms kernel: [    5.701700] ata2.00: Enabling discard_zeroes_data
Sep 19 15:21:48 librenms kernel: [    5.701743] sd 1:0:0:0: [sdb] 500118192 512-byte logical blocks: (256 GB/238 GiB)
Sep 19 15:21:48 librenms systemd[1]: Listening on Load/Save RF Kill Switch Status /dev/rfkill Watch.
Sep 19 15:21:48 librenms kernel: [    5.701746] sd 1:0:0:0: [sdb] 4096-byte physical blocks
Sep 19 15:21:48 librenms kernel: [    5.701755] sd 1:0:0:0: [sdb] Write Protect is off
Sep 19 15:21:48 librenms kernel: [    5.701758] sd 1:0:0:0: [sdb] Mode Sense: 00 3a 00 00
Sep 19 15:21:48 librenms kernel: [    5.701773] sd 1:0:0:0: [sdb] Write cache: enabled, read cache: enabled, doesn't support DPO or FUA
Sep 19 15:21:48 librenms systemd-udevd[471]: link_config: autonegotiation is unset or enabled, the speed and duplex are not writable.
Sep 19 15:21:48 librenms kernel: [    5.701872] ata2.00: Enabling discard_zeroes_data
Sep 19 15:21:48 librenms kernel: [    5.702336] ata2.00: Enabling discard_zeroes_data
Sep 19 15:21:48 librenms kernel: [    5.702579] sd 1:0:0:0: [sdb] supports TCG Opal
Sep 19 15:21:48 librenms kernel: [    5.702583] sd 1:0:0:0: [sdb] Attached SCSI disk
Sep 19 15:21:48 librenms apparmor[474]: Skipping profile in /etc/apparmor.d/disable: usr.sbin.rsyslogd
Sep 19 15:21:48 librenms kernel: [    5.702763]  sda: sda1 sda2
Sep 19 15:21:48 librenms kernel: [    5.702895] ata1.00: Enabling discard_zeroes_data
Sep 19 15:21:48 librenms kernel: [    5.703131] sd 0:0:0:0: [sda] supports TCG Opal
Sep 19 15:21:48 librenms kernel: [    5.703134] sd 0:0:0:0: [sda] Attached SCSI disk
Sep 19 15:21:48 librenms kernel: [    5.703440] scsi 4:0:0:0: CD-ROM            HL-DT-ST DVDRAM GU90N     LC00 PQ: 0 ANSI: 5
Sep 19 15:21:48 librenms kernel: [    5.740684] pps pps1: new PPS source ptp2
Sep 19 15:21:48 librenms systemd[1]: Reached target Sound Card.
Sep 19 15:21:48 librenms kernel: [    5.740689] igb 0000:03:00.0: added PHC on eth1
Sep 19 15:21:48 librenms kernel: [    5.740691] igb 0000:03:00.0: Intel(R) Gigabit Ethernet Network Connection
Sep 19 15:21:48 librenms kernel: [    5.740693] igb 0000:03:00.0: eth1: (PCIe:2.5Gb/s:Width x1) 44:39:c4:6d:35:ba
Sep 19 15:21:48 librenms kernel: [    5.740739] igb 0000:03:00.0: eth1: PBA No: 000300-000
Sep 19 15:21:48 librenms kernel: [    5.740741] igb 0000:03:00.0: Using MSI-X interrupts. 4 rx queue(s), 4 tx queue(s)
Sep 19 15:21:48 librenms kernel: [    5.741984] igb 0000:02:00.0 enp2s0: renamed from eth0
Sep 19 15:21:48 librenms apparmor[474]:    ...done.
Sep 19 15:21:48 librenms kernel: [    5.758091] random: fast init done
Sep 19 15:21:48 librenms kernel: [    5.764074] igb 0000:03:00.0 enp3s0: renamed from eth1
Sep 19 15:21:48 librenms kernel: [    5.764100] random: systemd-udevd: uninitialized urandom read (16 bytes read)
Sep 19 15:21:48 librenms kernel: [    5.764115] random: systemd-udevd: uninitialized urandom read (16 bytes read)
Sep 19 15:21:48 librenms systemd[1]: Started AppArmor initialization.
Sep 19 15:21:48 librenms kernel: [    5.764119] random: systemd-udevd: uninitialized urandom read (16 bytes read)
Sep 19 15:21:48 librenms kernel: [    5.766134] sr 4:0:0:0: [sr0] scsi3-mmc drive: 24x/24x writer dvd-ram cd/rw xa/form2 cdda tray
Sep 19 15:21:48 librenms systemd[1]: Starting Initial cloud-init job (pre-networking)...
Sep 19 15:21:48 librenms kernel: [    5.766140] cdrom: Uniform CD-ROM driver Revision: 3.20
Sep 19 15:21:48 librenms kernel: [    5.766268] sr 4:0:0:0: Attached scsi CD-ROM sr0
Sep 19 15:21:48 librenms kernel: [    5.766333] sr 4:0:0:0: Attached scsi generic sg2 type 5
Sep 19 15:21:48 librenms kernel: [    6.199634] fbcon: inteldrmfb (fb0) is primary device
Sep 19 15:21:48 librenms systemd[1]: Started Set console font and keymap.
Sep 19 15:21:48 librenms kernel: [    6.231725] Console: switching to colour frame buffer device 240x67
Sep 19 15:21:48 librenms kernel: [    6.251146] i915 0000:00:02.0: fb0: inteldrmfb frame buffer device
Sep 19 15:21:48 librenms kernel: [    6.672008] raid6: sse2x1   gen() 11653 MB/s
Sep 19 15:21:48 librenms kernel: [    6.720006] raid6: sse2x1   xor()  8156 MB/s
Sep 19 15:21:48 librenms kernel: [    6.768008] raid6: sse2x2   gen() 13583 MB/s
Sep 19 15:21:48 librenms kernel: [    6.816006] raid6: sse2x2   xor()  8932 MB/s
Sep 19 15:21:48 librenms cloud-init[846]: Cloud-init v. 19.1-1-gbaa47854-0ubuntu1~18.04.1 running 'init-local' at Thu, 19 Sep 2019 15:21:42 +0000. Up 9.36 seconds.
Sep 19 15:21:48 librenms kernel: [    6.864003] raid6: sse2x4   gen() 16234 MB/s
Sep 19 15:21:48 librenms kernel: [    6.912004] raid6: sse2x4   xor() 10202 MB/s
Sep 19 15:21:48 librenms kernel: [    6.960006] raid6: avx2x1   gen() 22486 MB/s
Sep 19 15:21:48 librenms kernel: [    7.008005] raid6: avx2x1   xor() 15322 MB/s
Sep 19 15:21:48 librenms systemd[1]: Started Initial cloud-init job (pre-networking).
Sep 19 15:21:48 librenms kernel: [    7.056003] raid6: avx2x2   gen() 25816 MB/s
Sep 19 15:21:48 librenms kernel: [    7.104002] raid6: avx2x2   xor() 15973 MB/s
Sep 19 15:21:48 librenms kernel: [    7.152004] raid6: avx2x4   gen() 29784 MB/s
Sep 19 15:21:48 librenms kernel: [    7.200003] raid6: avx2x4   xor() 18484 MB/s
Sep 19 15:21:48 librenms kernel: [    7.200017] raid6: using algorithm avx2x4 gen() 29784 MB/s
Sep 19 15:21:48 librenms kernel: [    7.200031] raid6: .... xor() 18484 MB/s, rmw enabled
Sep 19 15:21:48 librenms kernel: [    7.200044] raid6: using avx2x2 recovery algorithm
Sep 19 15:21:48 librenms kernel: [    7.200801] xor: automatically using best checksumming function   avx       
Sep 19 15:21:48 librenms systemd[1]: Reached target Network (Pre).
Sep 19 15:21:48 librenms kernel: [    7.201513] async_tx: api initialized (async)
Sep 19 15:21:48 librenms kernel: [    7.234499] Btrfs loaded, crc32c=crc32c-intel
Sep 19 15:21:48 librenms kernel: [    7.353182] EXT4-fs (sda2): mounted filesystem with ordered data mode. Opts: (null)
Sep 19 15:21:48 librenms kernel: [    7.460441] ip_tables: (C) 2000-2006 Netfilter Core Team
Sep 19 15:21:48 librenms systemd[1]: Starting Network Service...
Sep 19 15:21:48 librenms kernel: [    7.465837] systemd[1]: systemd 237 running in system mode. (+PAM +AUDIT +SELINUX +IMA +APPARMOR +SMACK +SYSVINIT +UTMP +LIBCRYPTSETUP +GCRYPT +GNUTLS +ACL +XZ +LZ4 +SECCOMP +BLKID +ELFUTILS +KMOD -IDN2 +IDN -PCRE2 default-hierarchy=hybrid)
Sep 19 15:21:48 librenms kernel: [    7.484099] systemd[1]: Detected architecture x86-64.
Sep 19 15:21:48 librenms systemd-networkd[906]: Enumeration completed
Sep 19 15:21:48 librenms kernel: [    7.486290] systemd[1]: Set hostname to <librenms>.
Sep 19 15:21:48 librenms kernel: [    7.674375] systemd[1]: Set up automount Arbitrary Executable File Formats File System Automount Point.
Sep 19 15:21:48 librenms kernel: [    7.674568] systemd[1]: Started Forward Password Requests to Wall Directory Watch.
Sep 19 15:21:48 librenms kernel: [    7.676563] systemd[1]: Created slice User and Session Slice.
Sep 19 15:21:48 librenms kernel: [    7.678733] systemd[1]: Reached target User and Group Name Lookups.
Sep 19 15:21:48 librenms systemd[1]: Started Network Service.
Sep 19 15:21:48 librenms kernel: [    7.681115] systemd[1]: Created slice System Slice.
Sep 19 15:21:48 librenms kernel: [    7.683332] systemd[1]: Listening on udev Control Socket.
Sep 19 15:21:48 librenms kernel: [    7.685558] systemd[1]: Listening on LVM2 metadata daemon socket.
Sep 19 15:21:48 librenms kernel: [    7.731126] Loading iSCSI transport class v2.0-870.
Sep 19 15:21:48 librenms kernel: [    7.736880] iscsi: registered transport (tcp)
Sep 19 15:21:48 librenms systemd[1]: Starting Network Name Resolution...
Sep 19 15:21:48 librenms kernel: [    7.748364] iscsi: registered transport (iser)
Sep 19 15:21:48 librenms kernel: [    7.766307] EXT4-fs (sda2): re-mounted. Opts: (null)
Sep 19 15:21:48 librenms systemd[1]: Starting Wait for Network to be Configured...
Sep 19 15:21:48 librenms systemd-networkd[906]: eno1: Link is not managed by us
Sep 19 15:21:48 librenms systemd-networkd[906]: lo: Link is not managed by us
Sep 19 15:21:48 librenms systemd-networkd[906]: enp3s0: Link is not managed by us
Sep 19 15:21:48 librenms systemd-networkd[906]: enp2s0: IPv6 successfully enabled
Sep 19 15:21:48 librenms systemd-resolved[920]: Positive Trust Anchors:
Sep 19 15:21:48 librenms systemd-resolved[920]: . IN DS 19036 8 2 49aac11d7b6f6446702e54a1607371607a1a41855200fd2ce1cdde32f24e8fb5
Sep 19 15:21:48 librenms systemd-resolved[920]: . IN DS 20326 8 2 e06d44b80b8f1d39a95c0b0d7c65d08458e880409bbc683457104237c7f8ec8d
Sep 19 15:21:48 librenms systemd-resolved[920]: Negative trust anchors: 10.in-addr.arpa 16.172.in-addr.arpa 17.172.in-addr.arpa 18.172.in-addr.arpa 19.172.in-addr.arpa 20.172.in-addr.arpa 21.172.in-addr.arpa 22.172.in-addr.arpa 23.172.in-addr.arpa 24.172.in-addr.arpa 25.172.in-addr.arpa 26.172.in-addr.arpa 27.172.in-addr.arpa 28.172.in-addr.arpa 29.172.in-addr.arpa 30.172.in-addr.arpa 31.172.in-addr.arpa 168.192.in-addr.arpa d.f.ip6.arpa corp home internal intranet lan local private test
Sep 19 15:21:48 librenms kernel: [    7.884673] systemd-journald[431]: Received request to flush runtime journal from PID 1
Sep 19 15:21:48 librenms kernel: [    7.924653] Adding 3924988k swap on /swap.img.  Priority:-2 extents:5 across:4203516k SSFS
Sep 19 15:21:48 librenms kernel: [    8.126260] shpchp: Standard Hot Plug PCI Controller Driver version: 0.4
Sep 19 15:21:48 librenms systemd-resolved[920]: Using system hostname 'librenms'.
Sep 19 15:21:48 librenms kernel: [    8.143010] ACPI Warning: SystemIO range 0x0000000000001828-0x000000000000182F conflicts with OpRegion 0x0000000000001800-0x000000000000187F (\PMIO) (20170831/utaddress-247)
Sep 19 15:21:48 librenms kernel: [    8.143016] ACPI Warning: SystemIO range 0x0000000000001828-0x000000000000182F conflicts with OpRegion 0x0000000000001800-0x000000000000187F (\PMIO) (20170831/utaddress-247)
Sep 19 15:21:48 librenms kernel: [    8.143020] ACPI: If an ACPI driver is available for this device, you should use it instead of the native driver
Sep 19 15:21:48 librenms systemd[1]: Started Network Name Resolution.
Sep 19 15:21:48 librenms kernel: [    8.143024] ACPI Warning: SystemIO range 0x0000000000001C40-0x0000000000001C4F conflicts with OpRegion 0x0000000000001C00-0x0000000000001FFF (\GPR) (20170831/utaddress-247)
Sep 19 15:21:48 librenms kernel: [    8.143027] ACPI Warning: SystemIO range 0x0000000000001C40-0x0000000000001C4F conflicts with OpRegion 0x0000000000001C00-0x0000000000001FFF (\GPR) (20170831/utaddress-247)
Sep 19 15:21:48 librenms kernel: [    8.143031] ACPI: If an ACPI driver is available for this device, you should use it instead of the native driver
Sep 19 15:21:48 librenms kernel: [    8.143032] ACPI Warning: SystemIO range 0x0000000000001C30-0x0000000000001C3F conflicts with OpRegion 0x0000000000001C00-0x0000000000001C3F (\GPRE) (20170831/utaddress-247)
Sep 19 15:21:48 librenms systemd[1]: Reached target Host and Network Name Lookups.
Sep 19 15:21:48 librenms kernel: [    8.143035] ACPI Warning: SystemIO range 0x0000000000001C30-0x0000000000001C3F conflicts with OpRegion 0x0000000000001C00-0x0000000000001C3F (\GPRE) (20170831/utaddress-247)
Sep 19 15:21:48 librenms kernel: [    8.143039] ACPI Warning: SystemIO range 0x0000000000001C30-0x0000000000001C3F conflicts with OpRegion 0x0000000000001C00-0x0000000000001C3F (\GPRL) (20170831/utaddress-247)
Sep 19 15:21:48 librenms kernel: [    8.143043] ACPI Warning: SystemIO range 0x0000000000001C30-0x0000000000001C3F conflicts with OpRegion 0x0000000000001C00-0x0000000000001C3F (\GPRL) (20170831/utaddress-247)
Sep 19 15:21:48 librenms kernel: [    8.143046] ACPI Warning: SystemIO range 0x0000000000001C30-0x0000000000001C3F conflicts with OpRegion 0x0000000000001C00-0x0000000000001FFF (\GPR) (20170831/utaddress-247)
Sep 19 15:21:48 librenms kernel: [    8.143050] ACPI Warning: SystemIO range 0x0000000000001C30-0x0000000000001C3F conflicts with OpRegion 0x0000000000001C00-0x0000000000001FFF (\GPR) (20170831/utaddress-247)
Sep 19 15:21:48 librenms systemd[1]: Reached target Network.
Sep 19 15:21:48 librenms kernel: [    8.143053] ACPI: If an ACPI driver is available for this device, you should use it instead of the native driver
Sep 19 15:21:48 librenms kernel: [    8.143054] ACPI Warning: SystemIO range 0x0000000000001C00-0x0000000000001C2F conflicts with OpRegion 0x0000000000001C00-0x0000000000001C3F (\GPRE) (20170831/utaddress-247)
Sep 19 15:21:48 librenms kernel: [    8.143057] ACPI Warning: SystemIO range 0x0000000000001C00-0x0000000000001C2F conflicts with OpRegion 0x0000000000001C00-0x0000000000001C3F (\GPRE) (20170831/utaddress-247)
Sep 19 15:21:48 librenms systemd-networkd[906]: enp2s0: Gained carrier
Sep 19 15:21:48 librenms kernel: [    8.143061] ACPI Warning: SystemIO range 0x0000000000001C00-0x0000000000001C2F conflicts with OpRegion 0x0000000000001C00-0x0000000000001C1F (\GPBL) (20170831/utaddress-247)
Sep 19 15:21:48 librenms kernel: [    8.143064] ACPI Warning: SystemIO range 0x0000000000001C00-0x0000000000001C2F conflicts with OpRegion 0x0000000000001C00-0x0000000000001C1F (\GPBL) (20170831/utaddress-247)
Sep 19 15:21:48 librenms kernel: [    8.143068] ACPI Warning: SystemIO range 0x0000000000001C00-0x0000000000001C2F conflicts with OpRegion 0x0000000000001C00-0x0000000000001C3F (\GPRL) (20170831/utaddress-247)
Sep 19 15:21:48 librenms kernel: [    8.143071] ACPI Warning: SystemIO range 0x0000000000001C00-0x0000000000001C2F conflicts with OpRegion 0x0000000000001C00-0x0000000000001C3F (\GPRL) (20170831/utaddress-247)
Sep 19 15:21:48 librenms kernel: [    8.143075] ACPI Warning: SystemIO range 0x0000000000001C00-0x0000000000001C2F conflicts with OpRegion 0x0000000000001C00-0x0000000000001FFF (\GPR) (20170831/utaddress-247)
Sep 19 15:21:48 librenms kernel: [    8.143078] ACPI Warning: SystemIO range 0x0000000000001C00-0x0000000000001C2F conflicts with OpRegion 0x0000000000001C00-0x0000000000001FFF (\GPR) (20170831/utaddress-247)
Sep 19 15:21:48 librenms systemd-timesyncd[502]: Network configuration changed, trying to establish connection.
Sep 19 15:21:48 librenms kernel: [    8.143082] ACPI: If an ACPI driver is available for this device, you should use it instead of the native driver
Sep 19 15:21:48 librenms kernel: [    8.143082] lpc_ich: Resource conflict(s) found affecting gpio_ich
Sep 19 15:21:48 librenms kernel: [    8.255473] snd_hda_intel 0000:00:03.0: bound 0000:00:02.0 (ops i915_audio_component_bind_ops [i915])
Sep 19 15:21:48 librenms kernel: [    8.295652] input: HDA Intel HDMI HDMI/DP,pcm=3 as /devices/pci0000:00/0000:00:03.0/sound/card0/input4
Sep 19 15:21:48 librenms kernel: [    8.295712] input: HDA Intel HDMI HDMI/DP,pcm=7 as /devices/pci0000:00/0000:00:03.0/sound/card0/input5
Sep 19 15:21:48 librenms systemd-networkd[906]: enp2s0: Gained IPv6LL
Sep 19 15:21:48 librenms kernel: [    8.295765] input: HDA Intel HDMI HDMI/DP,pcm=8 as /devices/pci0000:00/0000:00:03.0/sound/card0/input6
Sep 19 15:21:48 librenms kernel: [    8.301965] RAPL PMU: API unit is 2^-32 Joules, 4 fixed counters, 655360 ms ovfl timer
Sep 19 15:21:48 librenms kernel: [    8.301967] RAPL PMU: hw unit of domain pp0-core 2^-14 Joules
Sep 19 15:21:48 librenms kernel: [    8.301968] RAPL PMU: hw unit of domain package 2^-14 Joules
Sep 19 15:21:48 librenms systemd-networkd[906]: enp2s0: Configured
Sep 19 15:21:48 librenms kernel: [    8.301968] RAPL PMU: hw unit of domain dram 2^-14 Joules
Sep 19 15:21:48 librenms kernel: [    8.301969] RAPL PMU: hw unit of domain pp1-gpu 2^-14 Joules
Sep 19 15:21:48 librenms kernel: [    8.338483] audit: type=1400 audit(1568906501.376:2): apparmor="STATUS" operation="profile_load" profile="unconfined" name="/usr/bin/lxc-start" pid=538 comm="apparmor_parser"
Sep 19 15:21:48 librenms kernel: [    8.473406] intel_rapl: Found RAPL domain package
Sep 19 15:21:48 librenms systemd-timesyncd[502]: Network configuration changed, trying to establish connection.
Sep 19 15:21:48 librenms kernel: [    8.473408] intel_rapl: Found RAPL domain core
Sep 19 15:21:48 librenms kernel: [    8.473409] intel_rapl: Found RAPL domain uncore
Sep 19 15:21:48 librenms kernel: [    8.473410] intel_rapl: Found RAPL domain dram
Sep 19 15:21:48 librenms systemd-networkd-wait-online[922]: managing: enp2s0
Sep 19 15:21:48 librenms kernel: [    8.473413] intel_rapl: RAPL package 0 domain package locked by BIOS
Sep 19 15:21:48 librenms kernel: [    8.473416] intel_rapl: RAPL package 0 domain dram locked by BIOS
Sep 19 15:21:48 librenms kernel: [    8.637091] audit: type=1400 audit(1568906501.676:3): apparmor="STATUS" operation="profile_load" profile="unconfined" name="/usr/bin/man" pid=535 comm="apparmor_parser"
Sep 19 15:21:48 librenms kernel: [    8.638535] audit: type=1400 audit(1568906501.676:4): apparmor="STATUS" operation="profile_load" profile="unconfined" name="man_filter" pid=535 comm="apparmor_parser"
Sep 19 15:21:48 librenms kernel: [    8.639028] audit: type=1400 audit(1568906501.676:5): apparmor="STATUS" operation="profile_load" profile="unconfined" name="man_groff" pid=535 comm="apparmor_parser"
Sep 19 15:21:48 librenms kernel: [    8.821603] audit: type=1400 audit(1568906501.860:6): apparmor="STATUS" operation="profile_load" profile="unconfined" name="/sbin/dhclient" pid=536 comm="apparmor_parser"
Sep 19 15:21:48 librenms kernel: [    8.822288] audit: type=1400 audit(1568906501.860:7): apparmor="STATUS" operation="profile_load" profile="unconfined" name="/usr/lib/NetworkManager/nm-dhcp-client.action" pid=536 comm="apparmor_parser"
Sep 19 15:21:48 librenms kernel: [    8.822903] audit: type=1400 audit(1568906501.860:8): apparmor="STATUS" operation="profile_load" profile="unconfined" name="/usr/lib/NetworkManager/nm-dhcp-helper" pid=536 comm="apparmor_parser"
Sep 19 15:21:48 librenms kernel: [    8.823483] audit: type=1400 audit(1568906501.860:9): apparmor="STATUS" operation="profile_load" profile="unconfined" name="/usr/lib/connman/scripts/dhclient-script" pid=536 comm="apparmor_parser"
Sep 19 15:21:48 librenms kernel: [    8.846667] audit: type=1400 audit(1568906501.884:10): apparmor="STATUS" operation="profile_load" profile="unconfined" name="/usr/sbin/tcpdump" pid=680 comm="apparmor_parser"
Sep 19 15:21:48 librenms kernel: [    8.899967] audit: type=1400 audit(1568906501.936:11): apparmor="STATUS" operation="profile_load" profile="unconfined" name="lxc-container-default" pid=537 comm="apparmor_parser"
Sep 19 15:21:48 librenms kernel: [   10.290578] IPv6: ADDRCONF(NETDEV_UP): enp2s0: link is not ready
Sep 19 15:21:48 librenms kernel: [   13.060635] igb 0000:02:00.0 enp2s0: igb: enp2s0 NIC Link is Up 1000 Mbps Full Duplex, Flow Control: RX
Sep 19 15:21:48 librenms kernel: [   13.060889] IPv6: ADDRCONF(NETDEV_CHANGE): enp2s0: link becomes ready
Sep 19 15:21:48 librenms systemd-networkd-wait-online[922]: ignoring: lo
Sep 19 15:21:48 librenms systemd[1]: Started Wait for Network to be Configured.
Sep 19 15:21:48 librenms systemd[1]: Starting Initial cloud-init job (metadata service crawler)...
Sep 19 15:21:48 librenms cloud-init[955]: Cloud-init v. 19.1-1-gbaa47854-0ubuntu1~18.04.1 running 'init' at Thu, 19 Sep 2019 15:21:47 +0000. Up 14.85 seconds.
Sep 19 15:21:48 librenms cloud-init[955]: ci-info: +++++++++++++++++++++++++++++++++++++++Net device info++++++++++++++++++++++++++++++++++++++++
Sep 19 15:21:48 librenms cloud-init[955]: ci-info: +--------+-------+------------------------------+---------------+--------+-------------------+
Sep 19 15:21:48 librenms cloud-init[955]: ci-info: | Device |   Up  |           Address            |      Mask     | Scope  |     Hw-Address    |
Sep 19 15:21:48 librenms cloud-init[955]: ci-info: +--------+-------+------------------------------+---------------+--------+-------------------+
Sep 19 15:21:48 librenms cloud-init[955]: ci-info: |  eno1  | False |              .               |       .       |   .    | 44:39:c4:50:2b:97 |
Sep 19 15:21:48 librenms cloud-init[955]: ci-info: | enp2s0 |  True |          10.50.0.10          | 255.255.248.0 | global | 44:39:c4:6d:35:b9 |
Sep 19 15:21:48 librenms cloud-init[955]: ci-info: | enp2s0 |  True | fe80::4639:c4ff:fe6d:35b9/64 |       .       |  link  | 44:39:c4:6d:35:b9 |
Sep 19 15:21:48 librenms cloud-init[955]: ci-info: | enp3s0 | False |              .               |       .       |   .    | 44:39:c4:6d:35:ba |
Sep 19 15:21:48 librenms cloud-init[955]: ci-info: |   lo   |  True |          127.0.0.1           |   255.0.0.0   |  host  |         .         |
Sep 19 15:21:48 librenms cloud-init[955]: ci-info: |   lo   |  True |           ::1/128            |       .       |  host  |         .         |
Sep 19 15:21:48 librenms cloud-init[955]: ci-info: +--------+-------+------------------------------+---------------+--------+-------------------+
Sep 19 15:21:48 librenms cloud-init[955]: ci-info: ++++++++++++++++++++++++++++Route IPv4 info++++++++++++++++++++++++++++
Sep 19 15:21:48 librenms cloud-init[955]: ci-info: +-------+-------------+-----------+---------------+-----------+-------+
Sep 19 15:21:48 librenms cloud-init[955]: ci-info: | Route | Destination |  Gateway  |    Genmask    | Interface | Flags |
Sep 19 15:21:48 librenms cloud-init[955]: ci-info: +-------+-------------+-----------+---------------+-----------+-------+
Sep 19 15:21:48 librenms cloud-init[955]: ci-info: |   0   |   0.0.0.0   | 10.50.0.1 |    0.0.0.0    |   enp2s0  |   UG  |
Sep 19 15:21:48 librenms cloud-init[955]: ci-info: |   1   |  10.50.0.0  |  0.0.0.0  | 255.255.248.0 |   enp2s0  |   U   |
Sep 19 15:21:48 librenms cloud-init[955]: ci-info: +-------+-------------+-----------+---------------+-----------+-------+
Sep 19 15:21:48 librenms cloud-init[955]: ci-info: +++++++++++++++++++Route IPv6 info+++++++++++++++++++
Sep 19 15:21:48 librenms cloud-init[955]: ci-info: +-------+-------------+---------+-----------+-------+
Sep 19 15:21:48 librenms cloud-init[955]: ci-info: | Route | Destination | Gateway | Interface | Flags |
Sep 19 15:21:48 librenms cloud-init[955]: ci-info: +-------+-------------+---------+-----------+-------+
Sep 19 15:21:48 librenms cloud-init[955]: ci-info: |   1   |  fe80::/64  |    ::   |   enp2s0  |   U   |
Sep 19 15:21:48 librenms cloud-init[955]: ci-info: |   3   |    local    |    ::   |   enp2s0  |   U   |
Sep 19 15:21:48 librenms cloud-init[955]: ci-info: |   4   |   ff00::/8  |    ::   |   enp2s0  |   U   |
Sep 19 15:21:48 librenms cloud-init[955]: ci-info: +-------+-------------+---------+-----------+-------+
Sep 19 15:21:48 librenms cloud-init[955]: Generating public/private rsa key pair.
Sep 19 15:21:48 librenms cloud-init[955]: Your identification has been saved in /etc/ssh/ssh_host_rsa_key.
